09.04.2026 - 19:12:29 - [TAB v6.0.0] Blocked attempt to add player Zoleee into team NT_team_ZZZZZZZZZZZZZZZZZZZZZZZZZZZZZZZZZZZZZZK_player_zoleee (expected team: 7ZoleeeA).
09.04.2026 - 19:28:06 - [TAB v6.0.0] Blocked attempt to add player Zoleee into team NT_team_ZZZZZZZZZZZZZZZZZZZZZZZZZZZZZZZZZZZZZZK_player_zoleee (expected team: 6ZoleeeA).
09.04.2026 - 19:47:40 - [TAB v6.0.0] Blocked attempt to add player Zoleee into team NT_team_ZZZZZZZZZZZZZZZZZZZZZZZZZZZZZZZZZZZZZZK_player_zoleee (expected team: 6ZoleeeA).
09.04.2026 - 21:01:57 - [TAB v6.0.0] Blocked attempt to add player Zoleee into team NT_team_ZZZZZZZZZZZZZZZZZZZZZZZZZZZZZZZZZZZZZZK_player_zoleee (expected team: 5ZoleeeA).
09.04.2026 - 21:12:08 - [TAB v6.0.0] Blocked attempt to add player Zoleee into team NT_team_ZZZZZZZZZZZZZZZZZZZZZZZZZZZZZZZZZZZZZZK_player_zoleee (expected team: 7ZoleeeA).
11.04.2026 - 11:50:53 - [TAB v6.0.0] Blocked attempt to add player Zoleee into team NT_team_ZZZZZZZZZZZZZZZZZZZZZZZZZZZZZZZZZZZZZZK_player_zoleee (expected team: 5ZoleeeA).
11.04.2026 - 12:01:49 - [TAB v6.0.0] Blocked attempt to add player Zoleee into team NT_team_ZZZZZZZZZZZZZZZZZZZZZZZZZZZZZZZZZZZZZZK_player_zoleee (expected team: 5ZoleeeA).
11.04.2026 - 12:06:05 - [TAB v6.0.0] Blocked attempt to add player Zoleee into team NT_team_ZZZZZZZZZZZZZZZZZZZZZZZZZZZZZZZZZZZZZZK_player_zoleee (expected team: 5ZoleeeA).
11.04.2026 - 12:46:18 - [TAB v6.0.0] Blocked attempt to add player Zoleee into team NT_team_ZZZZZZZZZZZZZZZZZZZZZZZZZZZZZZZZZZZZZZK_player_zoleee (expected team: 5ZoleeeA).
11.04.2026 - 12:57:59 - [TAB v6.0.0] Blocked attempt to add player Zoleee into team NT_team_ZZZZZZZZZZZZZZZZZZZZZZZZZZZZZZZZZZZZZZK_player_zoleee (expected team: 3ZoleeeA).
11.04.2026 - 13:04:12 - [TAB v6.0.0] Blocked attempt to add player Zoleee into team NT_team_ZZZZZZZZZZZZZZZZZZZZZZZZZZZZZZZZZZZZZZK_player_zoleee (expected team: 7ZoleeeA).
11.04.2026 - 13:06:30 - [TAB v6.0.0] Blocked attempt to add player Zoleee into team NT_team_ZZZZZZZZZZZZZZZZZZZZZZZZZZZZZZZZZZZZZZK_player_zoleee (expected team: 3ZoleeeA).
11.04.2026 - 13:36:04 - [TAB v6.0.0] Blocked attempt to add player NestaaArcheron into team NT_team_ZZZZZZZZZZZZZZZZZZZZZZZZZZZZZZZZZZZZZZK_player_nestaaarcheron (expected team: 6NestaaArcheronA).
11.04.2026 - 13:39:21 - [TAB v6.0.0] Blocked attempt to add player Zoleee into team NT_team_ZZZZZZZZZZZZZZZZZZZZZZZZZZZZZZZZZZZZZZK_player_zoleee (expected team: 3ZoleeeA).
11.04.2026 - 13:39:21 - [TAB v6.0.0] Blocked attempt to add player NestaaArcheron into team NT_team_ZZZZZZZZZZZZZZZZZZZZZZZZZZZZZZZZZZZZZZK_player_nestaaarcheron (expected team: 6NestaaArcheronA).
11.04.2026 - 13:41:57 - [TAB v6.0.0] Blocked attempt to add player Zoleee into team NT_team_ZZZZZZZZZZZZZZZZZZZZZZZZZZZZZZZZZZZZZZK_player_zoleee (expected team: 3ZoleeeA).
16.04.2026 - 19:33:08 - [TAB v6.0.0] Blocked attempt to add player Zoleee into team NT_team_ZZZZZZZZZZZZZZZZZZZZZZZZZZZZZZZZZZZZZZK_player_zoleee (expected team: 3ZoleeeA).
16.04.2026 - 19:55:14 - [TAB v6.0.0] Blocked attempt to add player Zoleee into team NT_team_ZZZZZZZZZZZZZZZZZZZZZZZZZZZZZZZZZZZZZZK_player_zoleee (expected team: 3ZoleeeA).
16.04.2026 - 19:57:49 - [TAB v6.0.0] Blocked attempt to add player Zoleee into team NT_team_ZZZZZZZZZZZZZZZZZZZZZZZZZZZZZZZZZZZZZZK_player_zoleee (expected team: 3ZoleeeA).
16.04.2026 - 20:34:32 - [TAB v6.0.0] Blocked attempt to add player Taliann into team NT_team_ZZZZZZZZZZZZZZZZZZZZZZZZZZZZZZZZZZZZZZK_player_taliann (expected team: 6TaliannA).
17.04.2026 - 00:21:30 - [TAB v6.0.0] Blocked attempt to add player xeixan into team NT_team_ZZZZZZZZZZZZZZZZZZZZZZZZZZZZZZZZZZZZZZK_player_xeixan (expected team: 6xeixanA).
17.04.2026 - 09:24:10 - [TAB v6.0.0] Blocked attempt to add player Zoleee into team NT_team_ZZZZZZZZZZZZZZZZZZZZZZZZZZZZZZZZZZZZZZK_player_zoleee (expected team: 3ZoleeeA).
17.04.2026 - 09:27:26 - [TAB v6.0.0] Blocked attempt to add player Zoleee into team NT_team_ZZZZZZZZZZZZZZZZZZZZZZZZZZZZZZZZZZZZZZK_player_zoleee (expected team: 3ZoleeeA).
17.04.2026 - 14:37:59 - [TAB v6.0.0] Blocked attempt to add player Szilviusz into team NT_team_ZZZZZZZZZZZZZZZZZZZZZZZZZZZZZZZZZZZZZZK_player_szilviusz (expected team: 6SzilviuszA).
17.04.2026 - 17:25:16 - [TAB v6.0.0] Blocked attempt to add player xeixan into team NT_team_ZZZZZZZZZZZZZZZZZZZZZZZZZZZZZZZZZZZZZZK_player_xeixan (expected team: 6xeixanA).
18.04.2026 - 17:32:57 - [TAB v6.0.0] Blocked attempt to add player kolaboy into team NT_team_ZZZZZZZZZZZZZZZZZZZZZZZZZZZZZZZZZZZZZZK_player_kolaboy (expected team: 6kolaboyA).
18.04.2026 - 22:17:23 - [TAB v6.0.0] Blocked attempt to add player xeixan into team NT_team_ZZZZZZZZZZZZZZZZZZZZZZZZZZZZZZZZZZZZZZK_player_xeixan (expected team: 6xeixanA).
19.04.2026 - 14:44:31 - [TAB v6.0.0] Blocked attempt to add player Szilviusz into team NT_team_ZZZZZZZZZZZZZZZZZZZZZZZZZZZZZZZZZZZZZZK_player_szilviusz (expected team: 6SzilviuszA).
19.04.2026 - 22:36:42 - [TAB v6.0.0] Blocked attempt to add player redfirecow into team NT_team_ZZZZZZZZZZZZZZZZZZZZZZZZZZZZZZZZZZZZZZK_player_redfirecow (expected team: 6redfirecowA).
19.04.2026 - 22:49:13 - [TAB v6.0.0] Blocked attempt to add player redfirecow into team NT_team_ZZZZZZZZZZZZZZZZZZZZZZZZZZZZZZZZZZZZZZK_player_redfirecow (expected team: 6redfirecowA).
19.04.2026 - 22:53:10 - [TAB v6.0.0] Blocked attempt to add player redfirecow into team NT_team_ZZZZZZZZZZZZZZZZZZZZZZZZZZZZZZZZZZZZZZK_player_redfirecow (expected team: 6redfirecowA).
19.04.2026 - 22:57:21 - [TAB v6.0.0] Blocked attempt to add player redfirecow into team NT_team_ZZZZZZZZZZZZZZZZZZZZZZZZZZZZZZZZZZZZZZK_player_redfirecow (expected team: 6redfirecowA).
19.04.2026 - 23:07:23 - [TAB v6.0.0] Blocked attempt to add player redfirecow into team NT_team_ZZZZZZZZZZZZZZZZZZZZZZZZZZZZZZZZZZZZZZK_player_redfirecow (expected team: 6redfirecowA).
20.04.2026 - 00:48:51 - [TAB v6.0.0] Blocked attempt to add player xeixan into team NT_team_ZZZZZZZZZZZZZZZZZZZZZZZZZZZZZZZZZZZZZZK_player_xeixan (expected team: 6xeixanA).
20.04.2026 - 00:48:51 - [TAB v6.0.0] Blocked attempt to add player redfirecow into team NT_team_ZZZZZZZZZZZZZZZZZZZZZZZZZZZZZZZZZZZZZZK_player_redfirecow (expected team: 6redfirecowA).
20.04.2026 - 00:48:51 - [TAB v6.0.0] Blocked attempt to add player xeixan into team NT_team_ZZZZZZZZZZZZZZZZZZZZZZZZZZZZZZZZZZZZZZK_player_xeixan (expected team: 6xeixanA).
20.04.2026 - 15:41:44 - [TAB v6.0.0] Blocked attempt to add player redfirecow into team NT_team_ZZZZZZZZZZZZZZZZZZZZZZZZZZZZZZZZZZZZZZK_player_redfirecow (expected team: 6redfirecowA).
20.04.2026 - 15:42:44 - [TAB v6.0.0] Blocked attempt to add player redfirecow into team NT_team_ZZZZZZZZZZZZZZZZZZZZZZZZZZZZZZZZZZZZZZK_player_redfirecow (expected team: 6redfirecowA).
20.04.2026 - 16:49:18 - [TAB v6.0.0] Blocked attempt to add player Szilviusz into team NT_team_ZZZZZZZZZZZZZZZZZZZZZZZZZZZZZZZZZZZZZZK_player_szilviusz (expected team: 6SzilviuszA).
20.04.2026 - 16:53:53 - [TAB v6.0.0] Blocked attempt to add player redfirecow into team NT_team_ZZZZZZZZZZZZZZZZZZZZZZZZZZZZZZZZZZZZZZK_player_redfirecow (expected team: 6redfirecowA).
20.04.2026 - 16:53:53 - [TAB v6.0.0] Blocked attempt to add player Szilviusz into team NT_team_ZZZZZZZZZZZZZZZZZZZZZZZZZZZZZZZZZZZZZZK_player_szilviusz (expected team: 6SzilviuszA).
20.04.2026 - 16:53:53 - [TAB v6.0.0] Blocked attempt to add player redfirecow into team NT_team_ZZZZZZZZZZZZZZZZZZZZZZZZZZZZZZZZZZZZZZK_player_redfirecow (expected team: 6redfirecowA).
20.04.2026 - 17:23:16 - [TAB v6.0.0] Blocked attempt to add player Szilviusz into team NT_team_ZZZZZZZZZZZZZZZZZZZZZZZZZZZZZZZZZZZZZZK_player_szilviusz (expected team: 6SzilviuszA).
20.04.2026 - 17:23:16 - [TAB v6.0.0] Blocked attempt to add player redfirecow into team NT_team_ZZZZZZZZZZZZZZZZZZZZZZZZZZZZZZZZZZZZZZK_player_redfirecow (expected team: 6redfirecowA).
20.04.2026 - 20:30:46 - [TAB v6.0.0] Blocked attempt to add player Szilviusz into team NT_team_ZZZZZZZZZZZZZZZZZZZZZZZZZZZZZZZZZZZZZZK_player_szilviusz (expected team: 6SzilviuszA).
21.04.2026 - 16:41:38 - [TAB v6.0.0] Blocked attempt to add player redfirecow into team NT_team_ZZZZZZZZZZZZZZZZZZZZZZZZZZZZZZZZZZZZZZK_player_redfirecow (expected team: 6redfirecowA).
21.04.2026 - 18:20:35 - [TAB v6.0.0] Blocked attempt to add player Szilviusz into team NT_team_ZZZZZZZZZZZZZZZZZZZZZZZZZZZZZZZZZZZZZZK_player_szilviusz (expected team: 6SzilviuszA).
21.04.2026 - 20:17:00 - [TAB v6.0.0] Blocked attempt to add player redfirecow into team NT_team_ZZZZZZZZZZZZZZZZZZZZZZZZZZZZZZZZZZZZZZK_player_redfirecow (expected team: 6redfirecowA).
22.04.2026 - 14:14:42 - [TAB v6.0.0] Blocked attempt to add player redfirecow into team NT_team_ZZZZZZZZZZZZZZZZZZZZZZZZZZZZZZZZZZZZZZK_player_redfirecow (expected team: 6redfirecowA).
22.04.2026 - 16:48:33 - [TAB v6.0.0] Blocked attempt to add player kolaboy into team NT_team_ZZZZZZZZZZZZZZZZZZZZZZZZZZZZZZZZZZZZZZK_player_kolaboy (expected team: 6kolaboyA).
22.04.2026 - 19:24:53 - [TAB v6.0.0] Blocked attempt to add player redfirecow into team NT_team_ZZZZZZZZZZZZZZZZZZZZZZZZZZZZZZZZZZZZZZK_player_redfirecow (expected team: 6redfirecowA).
22.04.2026 - 19:36:24 - [TAB v6.0.0] Blocked attempt to add player redfirecow into team NT_team_ZZZZZZZZZZZZZZZZZZZZZZZZZZZZZZZZZZZZZZK_player_redfirecow (expected team: 6redfirecowA).
23.04.2026 - 16:01:23 - [TAB v6.0.0] Blocked attempt to add player Szilviusz into team NT_team_ZZZZZZZZZZZZZZZZZZZZZZZZZZZZZZZZZZZZZZK_player_szilviusz (expected team: 6SzilviuszA).
23.04.2026 - 16:19:16 - [TAB v6.0.0] Blocked attempt to add player kolaboy into team NT_team_ZZZZZZZZZZZZZZZZZZZZZZZZZZZZZZZZZZZZZZK_player_kolaboy (expected team: 6kolaboyA).
23.04.2026 - 16:19:16 - [TAB v6.0.0] Blocked attempt to add player Szilviusz into team NT_team_ZZZZZZZZZZZZZZZZZZZZZZZZZZZZZZZZZZZZZZK_player_szilviusz (expected team: 6SzilviuszA).
23.04.2026 - 16:19:16 - [TAB v6.0.0] Blocked attempt to add player kolaboy into team NT_team_ZZZZZZZZZZZZZZZZZZZZZZZZZZZZZZZZZZZZZZK_player_kolaboy (expected team: 6kolaboyA).
23.04.2026 - 17:23:48 - [TAB v6.0.0] Blocked attempt to add player xeixan into team NT_team_ZZZZZZZZZZZZZZZZZZZZZZZZZZZZZZZZZZZZZZK_player_xeixan (expected team: 6xeixanA).
23.04.2026 - 17:23:48 - [TAB v6.0.0] Blocked attempt to add player Szilviusz into team NT_team_ZZZZZZZZZZZZZZZZZZZZZZZZZZZZZZZZZZZZZZK_player_szilviusz (expected team: 6SzilviuszA).
23.04.2026 - 17:23:48 - [TAB v6.0.0] Blocked attempt to add player xeixan into team NT_team_ZZZZZZZZZZZZZZZZZZZZZZZZZZZZZZZZZZZZZZK_player_xeixan (expected team: 6xeixanA).
23.04.2026 - 21:45:24 - [TAB v6.0.0] Blocked attempt to add player xeixan into team NT_team_ZZZZZZZZZZZZZZZZZZZZZZZZZZZZZZZZZZZZZZK_player_xeixan (expected team: 6xeixanA).
24.04.2026 - 17:00:52 - [TAB v6.0.0] Blocked attempt to add player Szilviusz into team NT_team_ZZZZZZZZZZZZZZZZZZZZZZZZZZZZZZZZZZZZZZK_player_szilviusz (expected team: 6SzilviuszA).
24.04.2026 - 17:23:05 - [TAB v6.0.0] Blocked attempt to add player kolaboy into team NT_team_ZZZZZZZZZZZZZZZZZZZZZZZZZZZZZZZZZZZZZZK_player_kolaboy (expected team: 6kolaboyA).
24.04.2026 - 17:23:05 - [TAB v6.0.0] Blocked attempt to add player Szilviusz into team NT_team_ZZZZZZZZZZZZZZZZZZZZZZZZZZZZZZZZZZZZZZK_player_szilviusz (expected team: 6SzilviuszA).
24.04.2026 - 17:23:05 - [TAB v6.0.0] Blocked attempt to add player kolaboy into team NT_team_ZZZZZZZZZZZZZZZZZZZZZZZZZZZZZZZZZZZZZZK_player_kolaboy (expected team: 6kolaboyA).
24.04.2026 - 19:17:08 - [TAB v6.0.0] Blocked attempt to add player xeixan into team NT_team_ZZZZZZZZZZZZZZZZZZZZZZZZZZZZZZZZZZZZZZK_player_xeixan (expected team: 6xeixanA).
24.04.2026 - 19:17:08 - [TAB v6.0.0] Blocked attempt to add player Szilviusz into team NT_team_ZZZZZZZZZZZZZZZZZZZZZZZZZZZZZZZZZZZZZZK_player_szilviusz (expected team: 6SzilviuszA).
24.04.2026 - 19:17:08 - [TAB v6.0.0] Blocked attempt to add player xeixan into team NT_team_ZZZZZZZZZZZZZZZZZZZZZZZZZZZZZZZZZZZZZZK_player_xeixan (expected team: 6xeixanA).
24.04.2026 - 19:17:08 - [TAB v6.0.0] Blocked attempt to add player kolaboy into team NT_team_ZZZZZZZZZZZZZZZZZZZZZZZZZZZZZZZZZZZZZZK_player_kolaboy (expected team: 6kolaboyA).
25.04.2026 - 14:10:19 - [TAB v6.0.0] Blocked attempt to add player Szilviusz into team NT_team_ZZZZZZZZZZZZZZZZZZZZZZZZZZZZZZZZZZZZZZK_player_szilviusz (expected team: 6SzilviuszA).
25.04.2026 - 16:32:47 - [TAB v6.0.0] Blocked attempt to add player kolaboy into team NT_team_ZZZZZZZZZZZZZZZZZZZZZZZZZZZZZZZZZZZZZZK_player_kolaboy (expected team: 6kolaboyA).
25.04.2026 - 16:32:47 - [TAB v6.0.0] Blocked attempt to add player Szilviusz into team NT_team_ZZZZZZZZZZZZZZZZZZZZZZZZZZZZZZZZZZZZZZK_player_szilviusz (expected team: 6SzilviuszA).
25.04.2026 - 16:32:47 - [TAB v6.0.0] Blocked attempt to add player kolaboy into team NT_team_ZZZZZZZZZZZZZZZZZZZZZZZZZZZZZZZZZZZZZZK_player_kolaboy (expected team: 6kolaboyA).
25.04.2026 - 22:44:46 - [TAB v6.0.0] Blocked attempt to add player redfirecow into team NT_team_ZZZZZZZZZZZZZZZZZZZZZZZZZZZZZZZZZZZZZZK_player_redfirecow (expected team: 6redfirecowA).
25.04.2026 - 23:04:48 - [TAB v6.0.0] Blocked attempt to add player xeixan into team NT_team_ZZZZZZZZZZZZZZZZZZZZZZZZZZZZZZZZZZZZZZK_player_xeixan (expected team: 6xeixanA).
26.04.2026 - 10:23:32 - [TAB v6.0.0] Blocked attempt to add player Szilviusz into team NT_team_ZZZZZZZZZZZZZZZZZZZZZZZZZZZZZZZZZZZZZZK_player_szilviusz (expected team: 6SzilviuszA).
26.04.2026 - 12:46:18 - [TAB v6.0.0] Blocked attempt to add player kolaboy into team NT_team_ZZZZZZZZZZZZZZZZZZZZZZZZZZZZZZZZZZZZZZK_player_kolaboy (expected team: 6kolaboyA).
26.04.2026 - 13:24:13 - [TAB v6.0.0] Blocked attempt to add player xeixan into team NT_team_ZZZZZZZZZZZZZZZZZZZZZZZZZZZZZZZZZZZZZZK_player_xeixan (expected team: 6xeixanA).
26.04.2026 - 13:24:13 - [TAB v6.0.0] Blocked attempt to add player kolaboy into team NT_team_ZZZZZZZZZZZZZZZZZZZZZZZZZZZZZZZZZZZZZZK_player_kolaboy (expected team: 6kolaboyA).
26.04.2026 - 19:49:33 - [TAB v6.0.0] Blocked attempt to add player Szilviusz into team NT_team_ZZZZZZZZZZZZZZZZZZZZZZZZZZZZZZZZZZZZZZK_player_szilviusz (expected team: 6SzilviuszA).
26.04.2026 - 19:49:33 - [TAB v6.0.0] Blocked attempt to add player kolaboy into team NT_team_ZZZZZZZZZZZZZZZZZZZZZZZZZZZZZZZZZZZZZZK_player_kolaboy (expected team: 6kolaboyA).
26.04.2026 - 20:04:08 - [TAB v6.0.0] Blocked attempt to add player Vitya1221 into team NT_team_ZZZZZZZZZZZZZZZZZZZZZZZZZZZZZZZZZZZZZZK_player_vitya1221 (expected team: 6Vitya1221A).
26.04.2026 - 20:04:08 - [TAB v6.0.0] Blocked attempt to add player Szilviusz into team NT_team_ZZZZZZZZZZZZZZZZZZZZZZZZZZZZZZZZZZZZZZK_player_szilviusz (expected team: 6SzilviuszA).
26.04.2026 - 20:04:08 - [TAB v6.0.0] Blocked attempt to add player kolaboy into team NT_team_ZZZZZZZZZZZZZZZZZZZZZZZZZZZZZZZZZZZZZZK_player_kolaboy (expected team: 6kolaboyA).
26.04.2026 - 23:45:12 - [TAB v6.0.0] Blocked attempt to add player xeixan into team NT_team_ZZZZZZZZZZZZZZZZZZZZZZZZZZZZZZZZZZZZZZK_player_xeixan (expected team: 6xeixanA).
27.04.2026 - 16:34:02 - [TAB v6.0.0] Blocked attempt to add player Szilviusz into team NT_team_ZZZZZZZZZZZZZZZZZZZZZZZZZZZZZZZZZZZZZZK_player_szilviusz (expected team: 6SzilviuszA).
27.04.2026 - 17:05:17 - [TAB v6.0.0] Blocked attempt to add player redfirecow into team NT_team_ZZZZZZZZZZZZZZZZZZZZZZZZZZZZZZZZZZZZZZK_player_redfirecow (expected team: 6redfirecowA).
27.04.2026 - 17:05:17 - [TAB v6.0.0] Blocked attempt to add player Szilviusz into team NT_team_ZZZZZZZZZZZZZZZZZZZZZZZZZZZZZZZZZZZZZZK_player_szilviusz (expected team: 6SzilviuszA).
27.04.2026 - 17:05:17 - [TAB v6.0.0] Blocked attempt to add player redfirecow into team NT_team_ZZZZZZZZZZZZZZZZZZZZZZZZZZZZZZZZZZZZZZK_player_redfirecow (expected team: 6redfirecowA).
27.04.2026 - 17:17:55 - [TAB v6.0.0] Blocked attempt to add player Szilviusz into team NT_team_ZZZZZZZZZZZZZZZZZZZZZZZZZZZZZZZZZZZZZZK_player_szilviusz (expected team: 6SzilviuszA).
27.04.2026 - 17:17:55 - [TAB v6.0.0] Blocked attempt to add player redfirecow into team NT_team_ZZZZZZZZZZZZZZZZZZZZZZZZZZZZZZZZZZZZZZK_player_redfirecow (expected team: 6redfirecowA).
27.04.2026 - 19:05:59 - [TAB v6.0.0] Blocked attempt to add player Szilviusz into team NT_team_ZZZZZZZZZZZZZZZZZZZZZZZZZZZZZZZZZZZZZZK_player_szilviusz (expected team: 6SzilviuszA).
28.04.2026 - 14:01:47 - [TAB v6.0.0] Blocked attempt to add player Szilviusz into team NT_team_ZZZZZZZZZZZZZZZZZZZZZZZZZZZZZZZZZZZZZZK_player_szilviusz (expected team: 6SzilviuszA).
28.04.2026 - 17:38:53 - [TAB v6.0.0] Blocked attempt to add player kolaboy into team NT_team_ZZZZZZZZZZZZZZZZZZZZZZZZZZZZZZZZZZZZZZK_player_kolaboy (expected team: 6kolaboyA).
28.04.2026 - 17:50:13 - [TAB v6.0.0] Blocked attempt to add player Taliann into team NT_team_ZZZZZZZZZZZZZZZZZZZZZZZZZZZZZZZZZZZZZZK_player_taliann (expected team: 6TaliannA).
28.04.2026 - 17:50:13 - [TAB v6.0.0] Blocked attempt to add player kolaboy into team NT_team_ZZZZZZZZZZZZZZZZZZZZZZZZZZZZZZZZZZZZZZK_player_kolaboy (expected team: 6kolaboyA).
28.04.2026 - 20:29:49 - [TAB v6.0.0] Blocked attempt to add player Szilviusz into team NT_team_ZZZZZZZZZZZZZZZZZZZZZZZZZZZZZZZZZZZZZZK_player_szilviusz (expected team: 6SzilviuszA).
29.04.2026 - 14:07:20 - [TAB v6.0.0] Blocked attempt to add player Szilviusz into team NT_team_ZZZZZZZZZZZZZZZZZZZZZZZZZZZZZZZZZZZZZZK_player_szilviusz (expected team: 6SzilviuszA).
29.04.2026 - 19:31:21 - [TAB v6.0.0] Blocked attempt to add player kolaboy into team NT_team_ZZZZZZZZZZZZZZZZZZZZZZZZZZZZZZZZZZZZZZK_player_kolaboy (expected team: 6kolaboyA).
29.04.2026 - 19:31:21 - [TAB v6.0.0] Blocked attempt to add player Szilviusz into team NT_team_ZZZZZZZZZZZZZZZZZZZZZZZZZZZZZZZZZZZZZZK_player_szilviusz (expected team: 6SzilviuszA).
29.04.2026 - 19:31:21 - [TAB v6.0.0] Blocked attempt to add player kolaboy into team NT_team_ZZZZZZZZZZZZZZZZZZZZZZZZZZZZZZZZZZZZZZK_player_kolaboy (expected team: 6kolaboyA).
30.04.2026 - 17:21:39 - [TAB v6.0.0] Blocked attempt to add player Zoleee into team NT_team_ZZZZZZZZZZZZZZZZZZZZZZZZZZZZZZZZZZZZZZK_player_zoleee (expected team: 3ZoleeeA).
30.04.2026 - 18:19:40 - [TAB v6.0.0] Blocked attempt to add player Zoleee into team NT_team_ZZZZZZZZZZZZZZZZZZZZZZZZZZZZZZZZZZZZZZK_player_zoleee (expected team: 3ZoleeeA).
30.04.2026 - 20:20:35 - [TAB v6.0.0] Blocked attempt to add player xeixan into team NT_team_ZZZZZZZZZZZZZZZZZZZZZZZZZZZZZZZZZZZZZZK_player_xeixan (expected team: 6xeixanA).
01.05.2026 - 13:29:48 - [TAB v6.0.0] Blocked attempt to add player Szilviusz into team NT_team_ZZZZZZZZZZZZZZZZZZZZZZZZZZZZZZZZZZZZZZK_player_szilviusz (expected team: 6SzilviuszA).
01.05.2026 - 16:32:48 - [TAB v6.0.0] Blocked attempt to add player xeixan into team NT_team_ZZZZZZZZZZZZZZZZZZZZZZZZZZZZZZZZZZZZZZK_player_xeixan (expected team: 6xeixanA).
01.05.2026 - 18:46:45 - [TAB v6.0.0] Blocked attempt to add player Szilviusz into team NT_team_ZZZZZZZZZZZZZZZZZZZZZZZZZZZZZZZZZZZZZZK_player_szilviusz (expected team: 6SzilviuszA).
01.05.2026 - 18:46:45 - [TAB v6.0.0] Blocked attempt to add player xeixan into team NT_team_ZZZZZZZZZZZZZZZZZZZZZZZZZZZZZZZZZZZZZZK_player_xeixan (expected team: 6xeixanA).
01.05.2026 - 18:55:29 - [TAB v6.0.0] Blocked attempt to add player kolaboy into team NT_team_ZZZZZZZZZZZZZZZZZZZZZZZZZZZZZZZZZZZZZZK_player_kolaboy (expected team: 6kolaboyA).
01.05.2026 - 18:55:29 - [TAB v6.0.0] Blocked attempt to add player Szilviusz into team NT_team_ZZZZZZZZZZZZZZZZZZZZZZZZZZZZZZZZZZZZZZK_player_szilviusz (expected team: 6SzilviuszA).
01.05.2026 - 18:55:29 - [TAB v6.0.0] Blocked attempt to add player xeixan into team NT_team_ZZZZZZZZZZZZZZZZZZZZZZZZZZZZZZZZZZZZZZK_player_xeixan (expected team: 6xeixanA).
01.05.2026 - 18:55:29 - [TAB v6.0.0] Blocked attempt to add player kolaboy into team NT_team_ZZZZZZZZZZZZZZZZZZZZZZZZZZZZZZZZZZZZZZK_player_kolaboy (expected team: 6kolaboyA).
01.05.2026 - 19:13:20 - [TAB v6.0.0] Blocked attempt to add player Szilviusz into team NT_team_ZZZZZZZZZZZZZZZZZZZZZZZZZZZZZZZZZZZZZZK_player_szilviusz (expected team: 6SzilviuszA).
01.05.2026 - 19:13:20 - [TAB v6.0.0] Blocked attempt to add player xeixan into team NT_team_ZZZZZZZZZZZZZZZZZZZZZZZZZZZZZZZZZZZZZZK_player_xeixan (expected team: 6xeixanA).
01.05.2026 - 19:13:20 - [TAB v6.0.0] Blocked attempt to add player kolaboy into team NT_team_ZZZZZZZZZZZZZZZZZZZZZZZZZZZZZZZZZZZZZZK_player_kolaboy (expected team: 6kolaboyA).
01.05.2026 - 19:19:50 - [TAB v6.0.0] Blocked attempt to add player Szilviusz into team NT_team_ZZZZZZZZZZZZZZZZZZZZZZZZZZZZZZZZZZZZZZK_player_szilviusz (expected team: 6SzilviuszA).
01.05.2026 - 19:19:50 - [TAB v6.0.0] Blocked attempt to add player xeixan into team NT_team_ZZZZZZZZZZZZZZZZZZZZZZZZZZZZZZZZZZZZZZK_player_xeixan (expected team: 6xeixanA).
01.05.2026 - 19:19:50 - [TAB v6.0.0] Blocked attempt to add player kolaboy into team NT_team_ZZZZZZZZZZZZZZZZZZZZZZZZZZZZZZZZZZZZZZK_player_kolaboy (expected team: 6kolaboyA).
01.05.2026 - 19:31:36 - [TAB v6.0.0] Blocked attempt to add player Szilviusz into team NT_team_ZZZZZZZZZZZZZZZZZZZZZZZZZZZZZZZZZZZZZZK_player_szilviusz (expected team: 6SzilviuszA).
01.05.2026 - 19:31:36 - [TAB v6.0.0] Blocked attempt to add player xeixan into team NT_team_ZZZZZZZZZZZZZZZZZZZZZZZZZZZZZZZZZZZZZZK_player_xeixan (expected team: 6xeixanA).
01.05.2026 - 19:31:36 - [TAB v6.0.0] Blocked attempt to add player kolaboy into team NT_team_ZZZZZZZZZZZZZZZZZZZZZZZZZZZZZZZZZZZZZZK_player_kolaboy (expected team: 6kolaboyA).
01.05.2026 - 19:39:16 - [TAB v6.0.0] Blocked attempt to add player Szilviusz into team NT_team_ZZZZZZZZZZZZZZZZZZZZZZZZZZZZZZZZZZZZZZK_player_szilviusz (expected team: 6SzilviuszA).
01.05.2026 - 19:39:16 - [TAB v6.0.0] Blocked attempt to add player xeixan into team NT_team_ZZZZZZZZZZZZZZZZZZZZZZZZZZZZZZZZZZZZZZK_player_xeixan (expected team: 6xeixanA).
01.05.2026 - 19:39:16 - [TAB v6.0.0] Blocked attempt to add player kolaboy into team NT_team_ZZZZZZZZZZZZZZZZZZZZZZZZZZZZZZZZZZZZZZK_player_kolaboy (expected team: 6kolaboyA).
01.05.2026 - 19:46:56 - [TAB v6.0.0] Blocked attempt to add player Szilviusz into team NT_team_ZZZZZZZZZZZZZZZZZZZZZZZZZZZZZZZZZZZZZZK_player_szilviusz (expected team: 6SzilviuszA).
01.05.2026 - 19:46:56 - [TAB v6.0.0] Blocked attempt to add player xeixan into team NT_team_ZZZZZZZZZZZZZZZZZZZZZZZZZZZZZZZZZZZZZZK_player_xeixan (expected team: 6xeixanA).
01.05.2026 - 19:46:56 - [TAB v6.0.0] Blocked attempt to add player kolaboy into team NT_team_ZZZZZZZZZZZZZZZZZZZZZZZZZZZZZZZZZZZZZZK_player_kolaboy (expected team: 6kolaboyA).
02.05.2026 - 10:11:00 - [TAB v6.0.0] Blocked attempt to add player Szilviusz into team NT_team_ZZZZZZZZZZZZZZZZZZZZZZZZZZZZZZZZZZZZZZK_player_szilviusz (expected team: 6SzilviuszA).
02.05.2026 - 16:40:29 - [TAB v6.0.0] Blocked attempt to add player xeixan into team NT_team_ZZZZZZZZZZZZZZZZZZZZZZZZZZZZZZZZZZZZZZK_player_xeixan (expected team: 6xeixanA).
02.05.2026 - 16:41:30 - [TAB v6.0.0] Blocked attempt to add player Szilviusz into team NT_team_ZZZZZZZZZZZZZZZZZZZZZZZZZZZZZZZZZZZZZZK_player_szilviusz (expected team: 6SzilviuszA).
02.05.2026 - 16:41:30 - [TAB v6.0.0] Blocked attempt to add player xeixan into team NT_team_ZZZZZZZZZZZZZZZZZZZZZZZZZZZZZZZZZZZZZZK_player_xeixan (expected team: 6xeixanA).
02.05.2026 - 16:49:13 - [TAB v6.0.0] Blocked attempt to add player kolaboy into team NT_team_ZZZZZZZZZZZZZZZZZZZZZZZZZZZZZZZZZZZZZZK_player_kolaboy (expected team: 6kolaboyA).
02.05.2026 - 16:49:13 - [TAB v6.0.0] Blocked attempt to add player Szilviusz into team NT_team_ZZZZZZZZZZZZZZZZZZZZZZZZZZZZZZZZZZZZZZK_player_szilviusz (expected team: 6SzilviuszA).
02.05.2026 - 16:49:13 - [TAB v6.0.0] Blocked attempt to add player xeixan into team NT_team_ZZZZZZZZZZZZZZZZZZZZZZZZZZZZZZZZZZZZZZK_player_xeixan (expected team: 6xeixanA).
02.05.2026 - 16:49:13 - [TAB v6.0.0] Blocked attempt to add player kolaboy into team NT_team_ZZZZZZZZZZZZZZZZZZZZZZZZZZZZZZZZZZZZZZK_player_kolaboy (expected team: 6kolaboyA).
03.05.2026 - 14:00:03 - [TAB v6.0.0] Blocked attempt to add player Szilviusz into team NT_team_ZZZZZZZZZZZZZZZZZZZZZZZZZZZZZZZZZZZZZZK_player_szilviusz (expected team: 6SzilviuszA).
03.05.2026 - 15:59:20 - [TAB v6.0.0] Blocked attempt to add player xeixan into team NT_team_ZZZZZZZZZZZZZZZZZZZZZZZZZZZZZZZZZZZZZZK_player_xeixan (expected team: 6xeixanA).
04.05.2026 - 15:02:24 - [TAB v6.0.0] Blocked attempt to add player Szilviusz into team NT_team_ZZZZZZZZZZZZZZZZZZZZZZZZZZZZZZZZZZZZZZK_player_szilviusz (expected team: 6SzilviuszA).
05.05.2026 - 09:50:55 - [TAB v6.0.0] Blocked attempt to add player Szilviusz into team NT_team_ZZZZZZZZZZZZZZZZZZZZZZZZZZZZZZZZZZZZZZK_player_szilviusz (expected team: 6SzilviuszA).
05.05.2026 - 17:35:45 - [TAB v6.0.0] Blocked attempt to add player Zoleee into team NT_team_ZZZZZZZZZZZZZZZZZZZZZZZZZZZZZZZZZZZZZZK_player_zoleee (expected team: 3ZoleeeA).
05.05.2026 - 17:45:27 - [TAB v6.0.0] Blocked attempt to add player Zoleee into team NT_team_ZZZZZZZZZZZZZZZZZZZZZZZZZZZZZZZZZZZZZZK_player_zoleee (expected team: 3ZoleeeA).
05.05.2026 - 17:46:04 - [TAB v6.0.0] Blocked attempt to add player Szilviusz into team NT_team_ZZZZZZZZZZZZZZZZZZZZZZZZZZZZZZZZZZZZZZK_player_szilviusz (expected team: 6SzilviuszA).
05.05.2026 - 17:46:04 - [TAB v6.0.0] Blocked attempt to add player Zoleee into team NT_team_ZZZZZZZZZZZZZZZZZZZZZZZZZZZZZZZZZZZZZZK_player_zoleee (expected team: 3ZoleeeA).
05.05.2026 - 17:46:04 - [TAB v6.0.0] Blocked attempt to add player Szilviusz into team NT_team_ZZZZZZZZZZZZZZZZZZZZZZZZZZZZZZZZZZZZZZK_player_szilviusz (expected team: 6SzilviuszA).
06.05.2026 - 21:05:43 - [TAB v6.0.0] Blocked attempt to add player Zoleee into team NT_team_ZZZZZZZZZZZZZZZZZZZZZZZZZZZZZZZZZZZZZZK_player_zoleee (expected team: 3ZoleeeA).
06.05.2026 - 21:07:36 - [TAB v6.0.0] Blocked attempt to add player Zoleee into team NT_team_ZZZZZZZZZZZZZZZZZZZZZZZZZZZZZZZZZZZZZZK_player_zoleee (expected team: 7ZoleeeA).
06.05.2026 - 21:07:50 - [TAB v6.0.0] Blocked attempt to add player Zoleee into team NT_team_ZZZZZZZZZZZZZZZZZZZZZZZZZZZZZZZZZZZZZZK_player_zoleee (expected team: 6ZoleeeA).
06.05.2026 - 21:08:03 - [TAB v6.0.0] Blocked attempt to add player Zoleee into team NT_team_ZZZZZZZZZZZZZZZZZZZZZZZZZZZZZZZZZZZZZZK_player_zoleee (expected team: 5ZoleeeA).
06.05.2026 - 21:08:24 - [TAB v6.0.0] Blocked attempt to add player Zoleee into team NT_team_ZZZZZZZZZZZZZZZZZZZZZZZZZZZZZZZZZZZZZZK_player_zoleee (expected team: 6ZoleeeA).
06.05.2026 - 21:08:34 - [TAB v6.0.0] Blocked attempt to add player Zoleee into team NT_team_ZZZZZZZZZZZZZZZZZZZZZZZZZZZZZZZZZZZZZZK_player_zoleee (expected team: 5ZoleeeA).
06.05.2026 - 21:08:54 - [TAB v6.0.0] Blocked attempt to add player Zoleee into team NT_team_ZZZZZZZZZZZZZZZZZZZZZZZZZZZZZZZZZZZZZZK_player_zoleee (expected team: 7ZoleeeA).
06.05.2026 - 21:09:03 - [TAB v6.0.0] Blocked attempt to add player Zoleee into team NT_team_ZZZZZZZZZZZZZZZZZZZZZZZZZZZZZZZZZZZZZZK_player_zoleee (expected team: 3ZoleeeA).
07.05.2026 - 00:06:54 - [TAB v6.0.0] Blocked attempt to add player Mollsw into team NT_team_ZZZZZZZZZZZZZZZZZZZZZZZZZZZZZZZZZZZZZZK_player_mollsw (expected team: 6MollswA).
07.05.2026 - 00:07:16 - [TAB v6.0.0] Blocked attempt to add player xeixan into team NT_team_ZZZZZZZZZZZZZZZZZZZZZZZZZZZZZZZZZZZZZZK_player_xeixan (expected team: 6xeixanA).
07.05.2026 - 00:07:16 - [TAB v6.0.0] Blocked attempt to add player Mollsw into team NT_team_ZZZZZZZZZZZZZZZZZZZZZZZZZZZZZZZZZZZZZZK_player_mollsw (expected team: 6MollswA).
07.05.2026 - 00:07:16 - [TAB v6.0.0] Blocked attempt to add player xeixan into team NT_team_ZZZZZZZZZZZZZZZZZZZZZZZZZZZZZZZZZZZZZZK_player_xeixan (expected team: 6xeixanA).
07.05.2026 - 00:11:47 - [TAB v6.0.0] Blocked attempt to add player Mollsw into team NT_team_ZZZZZZZZZZZZZZZZZZZZZZZZZZZZZZZZZZZZZZK_player_mollsw (expected team: 6MollswA).
07.05.2026 - 00:11:47 - [TAB v6.0.0] Blocked attempt to add player xeixan into team NT_team_ZZZZZZZZZZZZZZZZZZZZZZZZZZZZZZZZZZZZZZK_player_xeixan (expected team: 6xeixanA).
07.05.2026 - 00:12:13 - [TAB v6.0.0] Blocked attempt to add player Mollsw into team NT_team_ZZZZZZZZZZZZZZZZZZZZZZZZZZZZZZZZZZZZZZK_player_mollsw (expected team: 6MollswA).
07.05.2026 - 00:12:13 - [TAB v6.0.0] Blocked attempt to add player xeixan into team NT_team_ZZZZZZZZZZZZZZZZZZZZZZZZZZZZZZZZZZZZZZK_player_xeixan (expected team: 6xeixanA).
07.05.2026 - 00:13:25 - [TAB v6.0.0] Blocked attempt to add player Mollsw into team NT_team_ZZZZZZZZZZZZZZZZZZZZZZZZZZZZZZZZZZZZZZK_player_mollsw (expected team: 6MollswA).
07.05.2026 - 00:13:25 - [TAB v6.0.0] Blocked attempt to add player xeixan into team NT_team_ZZZZZZZZZZZZZZZZZZZZZZZZZZZZZZZZZZZZZZK_player_xeixan (expected team: 6xeixanA).
07.05.2026 - 00:13:48 - [TAB v6.0.0] Blocked attempt to add player Mollsw into team NT_team_ZZZZZZZZZZZZZZZZZZZZZZZZZZZZZZZZZZZZZZK_player_mollsw (expected team: 6MollswA).
07.05.2026 - 00:13:48 - [TAB v6.0.0] Blocked attempt to add player xeixan into team NT_team_ZZZZZZZZZZZZZZZZZZZZZZZZZZZZZZZZZZZZZZK_player_xeixan (expected team: 6xeixanA).
07.05.2026 - 00:14:22 - [TAB v6.0.0] Blocked attempt to add player Mollsw into team NT_team_ZZZZZZZZZZZZZZZZZZZZZZZZZZZZZZZZZZZZZZK_player_mollsw (expected team: 6MollswA).
07.05.2026 - 00:14:22 - [TAB v6.0.0] Blocked attempt to add player xeixan into team NT_team_ZZZZZZZZZZZZZZZZZZZZZZZZZZZZZZZZZZZZZZK_player_xeixan (expected team: 6xeixanA).
07.05.2026 - 00:15:09 - [TAB v6.0.0] Blocked attempt to add player Mollsw into team NT_team_ZZZZZZZZZZZZZZZZZZZZZZZZZZZZZZZZZZZZZZK_player_mollsw (expected team: 6MollswA).
07.05.2026 - 00:15:09 - [TAB v6.0.0] Blocked attempt to add player xeixan into team NT_team_ZZZZZZZZZZZZZZZZZZZZZZZZZZZZZZZZZZZZZZK_player_xeixan (expected team: 6xeixanA).
07.05.2026 - 00:16:48 - [TAB v6.0.0] Blocked attempt to add player Mollsw into team NT_team_ZZZZZZZZZZZZZZZZZZZZZZZZZZZZZZZZZZZZZZK_player_mollsw (expected team: 6MollswA).
07.05.2026 - 00:16:48 - [TAB v6.0.0] Blocked attempt to add player xeixan into team NT_team_ZZZZZZZZZZZZZZZZZZZZZZZZZZZZZZZZZZZZZZK_player_xeixan (expected team: 6xeixanA).
07.05.2026 - 00:29:14 - [TAB v6.0.0] Blocked attempt to add player Mollsw into team NT_team_ZZZZZZZZZZZZZZZZZZZZZZZZZZZZZZZZZZZZZZK_player_mollsw (expected team: 6MollswA).
07.05.2026 - 00:29:14 - [TAB v6.0.0] Blocked attempt to add player xeixan into team NT_team_ZZZZZZZZZZZZZZZZZZZZZZZZZZZZZZZZZZZZZZK_player_xeixan (expected team: 6xeixanA).
07.05.2026 - 12:10:35 - [TAB v6.0.0] Blocked attempt to add player xeixan into team NT_team_ZZZZZZZZZZZZZZZZZZZZZZZZZZZZZZZZZZZZZZK_player_xeixan (expected team: 6xeixanA).
07.05.2026 - 15:17:11 - [TAB v6.0.0] Blocked attempt to add player Mollsw into team NT_team_ZZZZZZZZZZZZZZZZZZZZZZZZZZZZZZZZZZZZZZK_player_mollsw (expected team: 6MollswA).
07.05.2026 - 17:37:15 - [TAB v6.0.0] Blocked attempt to add player xeixan into team NT_team_ZZZZZZZZZZZZZZZZZZZZZZZZZZZZZZZZZZZZZZK_player_xeixan (expected team: 6xeixanA).
07.05.2026 - 19:55:08 - [TAB v6.0.0] Blocked attempt to add player Mollsw into team NT_team_ZZZZZZZZZZZZZZZZZZZZZZZZZZZZZZZZZZZZZZK_player_mollsw (expected team: 6MollswA).
07.05.2026 - 19:55:08 - [TAB v6.0.0] Blocked attempt to add player xeixan into team NT_team_ZZZZZZZZZZZZZZZZZZZZZZZZZZZZZZZZZZZZZZK_player_xeixan (expected team: 6xeixanA).
07.05.2026 - 20:36:16 - [TAB v6.0.0] Blocked attempt to add player Mollsw into team NT_team_ZZZZZZZZZZZZZZZZZZZZZZZZZZZZZZZZZZZZZZK_player_mollsw (expected team: 6MollswA).
07.05.2026 - 20:36:16 - [TAB v6.0.0] Blocked attempt to add player xeixan into team NT_team_ZZZZZZZZZZZZZZZZZZZZZZZZZZZZZZZZZZZZZZK_player_xeixan (expected team: 6xeixanA).
07.05.2026 - 20:44:59 - [TAB v6.0.0] Blocked attempt to add player Szilviusz into team NT_team_ZZZZZZZZZZZZZZZZZZZZZZZZZZZZZZZZZZZZZZK_player_szilviusz (expected team: 6SzilviuszA).
07.05.2026 - 20:45:00 - [TAB v6.0.0] Blocked attempt to add player Mollsw into team NT_team_ZZZZZZZZZZZZZZZZZZZZZZZZZZZZZZZZZZZZZZK_player_mollsw (expected team: 6MollswA).
07.05.2026 - 20:45:00 - [TAB v6.0.0] Blocked attempt to add player Szilviusz into team NT_team_ZZZZZZZZZZZZZZZZZZZZZZZZZZZZZZZZZZZZZZK_player_szilviusz (expected team: 6SzilviuszA).
07.05.2026 - 20:45:00 - [TAB v6.0.0] Blocked attempt to add player xeixan into team NT_team_ZZZZZZZZZZZZZZZZZZZZZZZZZZZZZZZZZZZZZZK_player_xeixan (expected team: 6xeixanA).
07.05.2026 - 20:50:39 - [TAB v6.0.0] Blocked attempt to add player Szilviusz into team NT_team_ZZZZZZZZZZZZZZZZZZZZZZZZZZZZZZZZZZZZZZK_player_szilviusz (expected team: 6SzilviuszA).
07.05.2026 - 20:50:40 - [TAB v6.0.0] Blocked attempt to add player xeixan into team NT_team_ZZZZZZZZZZZZZZZZZZZZZZZZZZZZZZZZZZZZZZK_player_xeixan (expected team: 6xeixanA).
07.05.2026 - 20:50:40 - [TAB v6.0.0] Blocked attempt to add player Szilviusz into team NT_team_ZZZZZZZZZZZZZZZZZZZZZZZZZZZZZZZZZZZZZZK_player_szilviusz (expected team: 6SzilviuszA).
07.05.2026 - 20:50:40 - [TAB v6.0.0] Blocked attempt to add player xeixan into team NT_team_ZZZZZZZZZZZZZZZZZZZZZZZZZZZZZZZZZZZZZZK_player_xeixan (expected team: 6xeixanA).
07.05.2026 - 20:50:57 - [TAB v6.0.0] Blocked attempt to add player Mollsw into team NT_team_ZZZZZZZZZZZZZZZZZZZZZZZZZZZZZZZZZZZZZZK_player_mollsw (expected team: 6MollswA).
07.05.2026 - 20:50:57 - [TAB v6.0.0] Blocked attempt to add player Szilviusz into team NT_team_ZZZZZZZZZZZZZZZZZZZZZZZZZZZZZZZZZZZZZZK_player_szilviusz (expected team: 6SzilviuszA).
07.05.2026 - 20:50:57 - [TAB v6.0.0] Blocked attempt to add player xeixan into team NT_team_ZZZZZZZZZZZZZZZZZZZZZZZZZZZZZZZZZZZZZZK_player_xeixan (expected team: 6xeixanA).
07.05.2026 - 21:21:25 - [TAB v6.0.0] Blocked attempt to add player Szilviusz into team NT_team_ZZZZZZZZZZZZZZZZZZZZZZZZZZZZZZZZZZZZZZK_player_szilviusz (expected team: 6SzilviuszA).
07.05.2026 - 21:21:25 - [TAB v6.0.0] Blocked attempt to add player xeixan into team NT_team_ZZZZZZZZZZZZZZZZZZZZZZZZZZZZZZZZZZZZZZK_player_xeixan (expected team: 6xeixanA).
07.05.2026 - 21:55:34 - [TAB v6.0.0] Blocked attempt to add player Szilviusz into team NT_team_ZZZZZZZZZZZZZZZZZZZZZZZZZZZZZZZZZZZZZZK_player_szilviusz (expected team: 6SzilviuszA).
07.05.2026 - 21:55:34 - [TAB v6.0.0] Blocked attempt to add player xeixan into team NT_team_ZZZZZZZZZZZZZZZZZZZZZZZZZZZZZZZZZZZZZZK_player_xeixan (expected team: 6xeixanA).
07.05.2026 - 21:57:28 - [TAB v6.0.0] Blocked attempt to add player Szilviusz into team NT_team_ZZZZZZZZZZZZZZZZZZZZZZZZZZZZZZZZZZZZZZK_player_szilviusz (expected team: 6SzilviuszA).
07.05.2026 - 21:57:28 - [TAB v6.0.0] Blocked attempt to add player xeixan into team NT_team_ZZZZZZZZZZZZZZZZZZZZZZZZZZZZZZZZZZZZZZK_player_xeixan (expected team: 6xeixanA).
07.05.2026 - 22:10:00 - [TAB v6.0.0] Blocked attempt to add player Szilviusz into team NT_team_ZZZZZZZZZZZZZZZZZZZZZZZZZZZZZZZZZZZZZZK_player_szilviusz (expected team: 6SzilviuszA).
08.05.2026 - 01:41:27 - [TAB v6.0.0] Blocked attempt to add player xeixan into team NT_team_ZZZZZZZZZZZZZZZZZZZZZZZZZZZZZZZZZZZZZZK_player_xeixan (expected team: 6xeixanA).
08.05.2026 - 13:07:25 - [TAB v6.0.0] Blocked attempt to add player Szilviusz into team NT_team_ZZZZZZZZZZZZZZZZZZZZZZZZZZZZZZZZZZZZZZK_player_szilviusz (expected team: 6SzilviuszA).
08.05.2026 - 18:51:27 - [TAB v6.0.0] Blocked attempt to add player xeixan into team NT_team_ZZZZZZZZZZZZZZZZZZZZZZZZZZZZZZZZZZZZZZK_player_xeixan (expected team: 6xeixanA).
08.05.2026 - 18:51:27 - [TAB v6.0.0] Blocked attempt to add player Szilviusz into team NT_team_ZZZZZZZZZZZZZZZZZZZZZZZZZZZZZZZZZZZZZZK_player_szilviusz (expected team: 6SzilviuszA).
08.05.2026 - 18:51:27 - [TAB v6.0.0] Blocked attempt to add player xeixan into team NT_team_ZZZZZZZZZZZZZZZZZZZZZZZZZZZZZZZZZZZZZZK_player_xeixan (expected team: 6xeixanA).
08.05.2026 - 20:30:53 - [TAB v6.0.0] Blocked attempt to add player xeixan into team NT_team_ZZZZZZZZZZZZZZZZZZZZZZZZZZZZZZZZZZZZZZK_player_xeixan (expected team: 6xeixanA).
08.05.2026 - 20:37:51 - [TAB v6.0.0] Blocked attempt to add player Szilviusz into team NT_team_ZZZZZZZZZZZZZZZZZZZZZZZZZZZZZZZZZZZZZZK_player_szilviusz (expected team: 6SzilviuszA).
08.05.2026 - 20:37:51 - [TAB v6.0.0] Blocked attempt to add player xeixan into team NT_team_ZZZZZZZZZZZZZZZZZZZZZZZZZZZZZZZZZZZZZZK_player_xeixan (expected team: 6xeixanA).
09.05.2026 - 13:45:52 - [TAB v6.0.0] Blocked attempt to add player Szilviusz into team NT_team_ZZZZZZZZZZZZZZZZZZZZZZZZZZZZZZZZZZZZZZK_player_szilviusz (expected team: 6SzilviuszA).
09.05.2026 - 13:49:05 - [TAB v6.0.0] Blocked attempt to add player kolaboy into team NT_team_ZZZZZZZZZZZZZZZZZZZZZZZZZZZZZZZZZZZZZZK_player_kolaboy (expected team: 6kolaboyA).
09.05.2026 - 13:49:05 - [TAB v6.0.0] Blocked attempt to add player Szilviusz into team NT_team_ZZZZZZZZZZZZZZZZZZZZZZZZZZZZZZZZZZZZZZK_player_szilviusz (expected team: 6SzilviuszA).
09.05.2026 - 13:49:05 - [TAB v6.0.0] Blocked attempt to add player kolaboy into team NT_team_ZZZZZZZZZZZZZZZZZZZZZZZZZZZZZZZZZZZZZZK_player_kolaboy (expected team: 6kolaboyA).
09.05.2026 - 13:55:47 - [TAB v6.0.0] Blocked attempt to add player Szilviusz into team NT_team_ZZZZZZZZZZZZZZZZZZZZZZZZZZZZZZZZZZZZZZK_player_szilviusz (expected team: 6SzilviuszA).
09.05.2026 - 13:55:47 - [TAB v6.0.0] Blocked attempt to add player kolaboy into team NT_team_ZZZZZZZZZZZZZZZZZZZZZZZZZZZZZZZZZZZZZZK_player_kolaboy (expected team: 6kolaboyA).
09.05.2026 - 13:57:31 - [TAB v6.0.0] Blocked attempt to add player Szilviusz into team NT_team_ZZZZZZZZZZZZZZZZZZZZZZZZZZZZZZZZZZZZZZK_player_szilviusz (expected team: 6SzilviuszA).
09.05.2026 - 13:57:31 - [TAB v6.0.0] Blocked attempt to add player kolaboy into team NT_team_ZZZZZZZZZZZZZZZZZZZZZZZZZZZZZZZZZZZZZZK_player_kolaboy (expected team: 6kolaboyA).
09.05.2026 - 14:01:54 - [TAB v6.0.0] Blocked attempt to add player Szilviusz into team NT_team_ZZZZZZZZZZZZZZZZZZZZZZZZZZZZZZZZZZZZZZK_player_szilviusz (expected team: 6SzilviuszA).
09.05.2026 - 14:02:50 - [TAB v6.0.0] Blocked attempt to add player kolaboy into team NT_team_ZZZZZZZZZZZZZZZZZZZZZZZZZZZZZZZZZZZZZZK_player_kolaboy (expected team: 6kolaboyA).
09.05.2026 - 14:02:50 - [TAB v6.0.0] Blocked attempt to add player Szilviusz into team NT_team_ZZZZZZZZZZZZZZZZZZZZZZZZZZZZZZZZZZZZZZK_player_szilviusz (expected team: 6SzilviuszA).
09.05.2026 - 14:02:50 - [TAB v6.0.0] Blocked attempt to add player kolaboy into team NT_team_ZZZZZZZZZZZZZZZZZZZZZZZZZZZZZZZZZZZZZZK_player_kolaboy (expected team: 6kolaboyA).
09.05.2026 - 14:16:17 - [TAB v6.0.0] Blocked attempt to add player Szilviusz into team NT_team_ZZZZZZZZZZZZZZZZZZZZZZZZZZZZZZZZZZZZZZK_player_szilviusz (expected team: 6SzilviuszA).
09.05.2026 - 15:01:31 - [TAB v6.0.0] Blocked attempt to add player xeixan into team NT_team_ZZZZZZZZZZZZZZZZZZZZZZZZZZZZZZZZZZZZZZK_player_xeixan (expected team: 6xeixanA).
09.05.2026 - 15:01:31 - [TAB v6.0.0] Blocked attempt to add player Szilviusz into team NT_team_ZZZZZZZZZZZZZZZZZZZZZZZZZZZZZZZZZZZZZZK_player_szilviusz (expected team: 6SzilviuszA).
09.05.2026 - 15:01:31 - [TAB v6.0.0] Blocked attempt to add player xeixan into team NT_team_ZZZZZZZZZZZZZZZZZZZZZZZZZZZZZZZZZZZZZZK_player_xeixan (expected team: 6xeixanA).
09.05.2026 - 19:28:25 - [TAB v6.0.0] Blocked attempt to add player Zoleee into team NT_team_ZZZZZZZZZZZZZZZZZZZZZZZZZZZZZZZZZZZZZZK_player_zoleee (expected team: 5ZoleeeA).
09.05.2026 - 19:45:15 - [TAB v6.0.0] Blocked attempt to add player Szilviusz into team NT_team_ZZZZZZZZZZZZZZZZZZZZZZZZZZZZZZZZZZZZZZK_player_szilviusz (expected team: 6SzilviuszA).
09.05.2026 - 19:45:15 - [TAB v6.0.0] Blocked attempt to add player Zoleee into team NT_team_ZZZZZZZZZZZZZZZZZZZZZZZZZZZZZZZZZZZZZZK_player_zoleee (expected team: 5ZoleeeA).
09.05.2026 - 19:45:15 - [TAB v6.0.0] Blocked attempt to add player Szilviusz into team NT_team_ZZZZZZZZZZZZZZZZZZZZZZZZZZZZZZZZZZZZZZK_player_szilviusz (expected team: 6SzilviuszA).
09.05.2026 - 20:51:44 - [TAB v6.0.0] Blocked attempt to add player Zoleee into team NT_team_ZZZZZZZZZZZZZZZZZZZZZZZZZZZZZZZZZZZZZZK_player_zoleee (expected team: 5ZoleeeA).
09.05.2026 - 20:51:44 - [TAB v6.0.0] Blocked attempt to add player Szilviusz into team NT_team_ZZZZZZZZZZZZZZZZZZZZZZZZZZZZZZZZZZZZZZK_player_szilviusz (expected team: 6SzilviuszA).
09.05.2026 - 22:42:16 - [TAB v6.0.0] Blocked attempt to add player Zoleee into team NT_team_ZZZZZZZZZZZZZZZZZZZZZZZZZZZZZZZZZZZZZZK_player_zoleee (expected team: 5ZoleeeA).
10.05.2026 - 08:30:45 - [TAB v6.0.0] Blocked attempt to add player Zoleee into team NT_team_ZZZZZZZZZZZZZZZZZZZZZZZZZZZZZZZZZZZZZZK_player_zoleee (expected team: 5ZoleeeA).
10.05.2026 - 14:28:07 - [TAB v6.0.0] Blocked attempt to add player kolaboy into team NT_team_ZZZZZZZZZZZZZZZZZZZZZZZZZZZZZZZZZZZZZZK_player_kolaboy (expected team: 6kolaboyA).
10.05.2026 - 15:22:43 - [TAB v6.0.0] Blocked attempt to add player Szilviusz into team NT_team_ZZZZZZZZZZZZZZZZZZZZZZZZZZZZZZZZZZZZZZK_player_szilviusz (expected team: 6SzilviuszA).
10.05.2026 - 18:13:38 - [TAB v6.0.0] Blocked attempt to add player kolaboy into team NT_team_ZZZZZZZZZZZZZZZZZZZZZZZZZZZZZZZZZZZZZZK_player_kolaboy (expected team: 6kolaboyA).
10.05.2026 - 22:10:00 - [TAB v6.0.0] Blocked attempt to add player Szilviusz into team NT_team_ZZZZZZZZZZZZZZZZZZZZZZZZZZZZZZZZZZZZZZK_player_szilviusz (expected team: 6SzilviuszA).
11.05.2026 - 13:03:36 - [TAB v6.0.0] Blocked attempt to add player Vitya1221 into team NT_team_ZZZZZZZZZZZZZZZZZZZZZZZZZZZZZZZZZZZZZZK_player_vitya1221 (expected team: 6Vitya1221A).
11.05.2026 - 15:52:28 - [TAB v6.0.0] Blocked attempt to add player Mollsw into team NT_team_ZZZZZZZZZZZZZZZZZZZZZZZZZZZZZZZZZZZZZZK_player_mollsw (expected team: 6MollswA).
11.05.2026 - 17:36:34 - [TAB v6.0.0] Blocked attempt to add player kolaboy into team NT_team_ZZZZZZZZZZZZZZZZZZZZZZZZZZZZZZZZZZZZZZK_player_kolaboy (expected team: 6kolaboyA).
11.05.2026 - 18:24:31 - [TAB v6.0.0] Blocked attempt to add player Mollsw into team NT_team_ZZZZZZZZZZZZZZZZZZZZZZZZZZZZZZZZZZZZZZK_player_mollsw (expected team: 6MollswA).
11.05.2026 - 18:24:31 - [TAB v6.0.0] Blocked attempt to add player kolaboy into team NT_team_ZZZZZZZZZZZZZZZZZZZZZZZZZZZZZZZZZZZZZZK_player_kolaboy (expected team: 6kolaboyA).
11.05.2026 - 19:03:33 - [TAB v6.0.0] Blocked attempt to add player Szilviusz into team NT_team_ZZZZZZZZZZZZZZZZZZZZZZZZZZZZZZZZZZZZZZK_player_szilviusz (expected team: 6SzilviuszA).
11.05.2026 - 19:03:33 - [TAB v6.0.0] Blocked attempt to add player Mollsw into team NT_team_ZZZZZZZZZZZZZZZZZZZZZZZZZZZZZZZZZZZZZZK_player_mollsw (expected team: 6MollswA).
11.05.2026 - 19:03:33 - [TAB v6.0.0] Blocked attempt to add player Szilviusz into team NT_team_ZZZZZZZZZZZZZZZZZZZZZZZZZZZZZZZZZZZZZZK_player_szilviusz (expected team: 6SzilviuszA).
11.05.2026 - 19:03:33 - [TAB v6.0.0] Blocked attempt to add player kolaboy into team NT_team_ZZZZZZZZZZZZZZZZZZZZZZZZZZZZZZZZZZZZZZK_player_kolaboy (expected team: 6kolaboyA).
12.05.2026 - 14:20:32 - [TAB v6.0.0] Blocked attempt to add player Zoleee into team NT_team_ZZZZZZZZZZZZZZZZZZZZZZZZZZZZZZZZZZZZZZK_player_zoleee (expected team: 5ZoleeeA).
12.05.2026 - 14:37:14 - [TAB v6.0.0] Blocked attempt to add player kolaboy into team NT_team_ZZZZZZZZZZZZZZZZZZZZZZZZZZZZZZZZZZZZZZK_player_kolaboy (expected team: 6kolaboyA).
12.05.2026 - 14:37:14 - [TAB v6.0.0] Blocked attempt to add player Zoleee into team NT_team_ZZZZZZZZZZZZZZZZZZZZZZZZZZZZZZZZZZZZZZK_player_zoleee (expected team: 5ZoleeeA).
12.05.2026 - 14:37:14 - [TAB v6.0.0] Blocked attempt to add player kolaboy into team NT_team_ZZZZZZZZZZZZZZZZZZZZZZZZZZZZZZZZZZZZZZK_player_kolaboy (expected team: 6kolaboyA).
12.05.2026 - 14:56:02 - [TAB v6.0.0] Blocked attempt to add player Zoleee into team NT_team_ZZZZZZZZZZZZZZZZZZZZZZZZZZZZZZZZZZZZZZK_player_zoleee (expected team: 5ZoleeeA).
12.05.2026 - 14:57:21 - [TAB v6.0.0] Blocked attempt to add player kolaboy into team NT_team_ZZZZZZZZZZZZZZZZZZZZZZZZZZZZZZZZZZZZZZK_player_kolaboy (expected team: 6kolaboyA).
12.05.2026 - 14:57:21 - [TAB v6.0.0] Blocked attempt to add player Zoleee into team NT_team_ZZZZZZZZZZZZZZZZZZZZZZZZZZZZZZZZZZZZZZK_player_zoleee (expected team: 5ZoleeeA).
12.05.2026 - 14:57:21 - [TAB v6.0.0] Blocked attempt to add player kolaboy into team NT_team_ZZZZZZZZZZZZZZZZZZZZZZZZZZZZZZZZZZZZZZK_player_kolaboy (expected team: 6kolaboyA).
12.05.2026 - 21:10:14 - [TAB v6.0.0] Blocked attempt to add player Szilviusz into team NT_team_ZZZZZZZZZZZZZZZZZZZZZZZZZZZZZZZZZZZZZZK_player_szilviusz (expected team: 6SzilviuszA).
13.05.2026 - 10:44:33 - [TAB v6.0.0] Blocked attempt to add player Szilviusz into team NT_team_ZZZZZZZZZZZZZZZZZZZZZZZZZZZZZZZZZZZZZZK_player_szilviusz (expected team: 6SzilviuszA).
13.05.2026 - 17:24:00 - [TAB v6.0.0] Blocked attempt to add player Zoleee into team NT_team_ZZZZZZZZZZZZZZZZZZZZZZZZZZZZZZZZZZZZZZK_player_zoleee (expected team: 5ZoleeeA).
13.05.2026 - 19:06:49 - [TAB v6.0.0] Blocked attempt to add player kolaboy into team NT_team_ZZZZZZZZZZZZZZZZZZZZZZZZZZZZZZZZZZZZZZK_player_kolaboy (expected team: 6kolaboyA).
13.05.2026 - 19:06:49 - [TAB v6.0.0] Blocked attempt to add player Zoleee into team NT_team_ZZZZZZZZZZZZZZZZZZZZZZZZZZZZZZZZZZZZZZK_player_zoleee (expected team: 5ZoleeeA).
13.05.2026 - 19:06:49 - [TAB v6.0.0] Blocked attempt to add player kolaboy into team NT_team_ZZZZZZZZZZZZZZZZZZZZZZZZZZZZZZZZZZZZZZK_player_kolaboy (expected team: 6kolaboyA).
14.05.2026 - 10:10:02 - [TAB v6.0.0] Blocked attempt to add player kolaboy into team NT_team_ZZZZZZZZZZZZZZZZZZZZZZZZZZZZZZZZZZZZZZK_player_kolaboy (expected team: 6kolaboyA).
14.05.2026 - 19:54:37 - [TAB v6.0.0] Blocked attempt to add player xeixan into team NT_team_ZZZZZZZZZZZZZZZZZZZZZZZZZZZZZZZZZZZZZZK_player_xeixan (expected team: 6xeixanA).
14.05.2026 - 23:47:48 - [TAB v6.0.0] Blocked attempt to add player xeixan into team NT_team_ZZZZZZZZZZZZZZZZZZZZZZZZZZZZZZZZZZZZZZK_player_xeixan (expected team: 6xeixanA).
15.05.2026 - 16:25:16 - [TAB v6.0.0] Blocked attempt to add player Szilviusz into team NT_team_ZZZZZZZZZZZZZZZZZZZZZZZZZZZZZZZZZZZZZZK_player_szilviusz (expected team: 6SzilviuszA).
16.05.2026 - 12:53:34 - [TAB v6.0.0] Blocked attempt to add player Szilviusz into team NT_team_ZZZZZZZZZZZZZZZZZZZZZZZZZZZZZZZZZZZZZZK_player_szilviusz (expected team: 6SzilviuszA).
16.05.2026 - 14:50:57 - [TAB v6.0.0] Blocked attempt to add player Zoleee into team NT_team_ZZZZZZZZZZZZZZZZZZZZZZZZZZZZZZZZZZZZZZK_player_zoleee (expected team: 5ZoleeeA).
16.05.2026 - 20:39:45 - [TAB v6.0.0] Blocked attempt to add player Szilviusz into team NT_team_ZZZZZZZZZZZZZZZZZZZZZZZZZZZZZZZZZZZZZZK_player_szilviusz (expected team: 6SzilviuszA).
17.05.2026 - 00:34:14 - [TAB v6.0.0] Blocked attempt to add player xeixan into team NT_team_ZZZZZZZZZZZZZZZZZZZZZZZZZZZZZZZZZZZZZZK_player_xeixan (expected team: 6xeixanA).
17.05.2026 - 11:18:26 - [TAB v6.0.0] Blocked attempt to add player Szilviusz into team NT_team_ZZZZZZZZZZZZZZZZZZZZZZZZZZZZZZZZZZZZZZK_player_szilviusz (expected team: 6SzilviuszA).
17.05.2026 - 15:36:46 - [TAB v6.0.0] Blocked attempt to add player kolaboy into team NT_team_ZZZZZZZZZZZZZZZZZZZZZZZZZZZZZZZZZZZZZZK_player_kolaboy (expected team: 6kolaboyA).
17.05.2026 - 17:04:56 - [TAB v6.0.0] Blocked attempt to add player Szilviusz into team NT_team_ZZZZZZZZZZZZZZZZZZZZZZZZZZZZZZZZZZZZZZK_player_szilviusz (expected team: 6SzilviuszA).
20.05.2026 - 11:52:40 - [TAB v6.0.0] Blocked attempt to add player Szilviusz into team NT_team_ZZZZZZZZZZZZZZZZZZZZZZZZZZZZZZZZZZZZZZK_player_szilviusz (expected team: 6SzilviuszA).
22.05.2026 - 01:55:14 - [TAB v6.0.0] Blocked attempt to add player xeixan into team NT_team_ZZZZZZZZZZZZZZZZZZZZZZZZZZZZZZZZZZZZZZK_player_xeixan (expected team: 6xeixanA).
22.05.2026 - 16:36:18 - [TAB v6.0.0] Blocked attempt to add player kolaboy into team NT_team_ZZZZZZZZZZZZZZZZZZZZZZZZZZZZZZZZZZZZZZK_player_kolaboy (expected team: 6kolaboyA).
22.05.2026 - 17:23:53 - [TAB v6.0.0] Blocked attempt to add player Szilviusz into team NT_team_ZZZZZZZZZZZZZZZZZZZZZZZZZZZZZZZZZZZZZZK_player_szilviusz (expected team: 6SzilviuszA).
22.05.2026 - 23:08:52 - [TAB v6.0.0] Blocked attempt to add player xeixan into team NT_team_ZZZZZZZZZZZZZZZZZZZZZZZZZZZZZZZZZZZZZZK_player_xeixan (expected team: 6xeixanA).
23.05.2026 - 22:18:22 - [TAB v6.0.0] Blocked attempt to add player NestaaArcheron into team NT_team_ZZZZZZZZZZZZZZZZZZZZZZZZZZZZZZZZZZZZZZK_player_nestaaarcheron (expected team: 6NestaaArcheronA).
23.05.2026 - 22:22:52 - [TAB v6.0.0] Blocked attempt to add player Mollsw into team NT_team_ZZZZZZZZZZZZZZZZZZZZZZZZZZZZZZZZZZZZZZK_player_mollsw (expected team: 6MollswA).
23.05.2026 - 23:32:42 - [TAB v6.0.0] Blocked attempt to add player xeixan into team NT_team_ZZZZZZZZZZZZZZZZZZZZZZZZZZZZZZZZZZZZZZK_player_xeixan (expected team: 6xeixanA).
23.05.2026 - 23:32:42 - [TAB v6.0.0] Blocked attempt to add player Mollsw into team NT_team_ZZZZZZZZZZZZZZZZZZZZZZZZZZZZZZZZZZZZZZK_player_mollsw (expected team: 6MollswA).
23.05.2026 - 23:32:42 - [TAB v6.0.0] Blocked attempt to add player xeixan into team NT_team_ZZZZZZZZZZZZZZZZZZZZZZZZZZZZZZZZZZZZZZK_player_xeixan (expected team: 6xeixanA).
23.05.2026 - 23:52:02 - [TAB v6.0.0] Blocked attempt to add player Mollsw into team NT_team_ZZZZZZZZZZZZZZZZZZZZZZZZZZZZZZZZZZZZZZK_player_mollsw (expected team: 6MollswA).
23.05.2026 - 23:52:02 - [TAB v6.0.0] Blocked attempt to add player xeixan into team NT_team_ZZZZZZZZZZZZZZZZZZZZZZZZZZZZZZZZZZZZZZK_player_xeixan (expected team: 6xeixanA).
24.05.2026 - 01:12:53 - [TAB v6.0.0] Blocked attempt to add player Mollsw into team NT_team_ZZZZZZZZZZZZZZZZZZZZZZZZZZZZZZZZZZZZZZK_player_mollsw (expected team: 6MollswA).
24.05.2026 - 01:12:53 - [TAB v6.0.0] Blocked attempt to add player xeixan into team NT_team_ZZZZZZZZZZZZZZZZZZZZZZZZZZZZZZZZZZZZZZK_player_xeixan (expected team: 6xeixanA).
24.05.2026 - 12:09:48 - [TAB v6.0.0] Blocked attempt to add player Szilviusz into team NT_team_ZZZZZZZZZZZZZZZZZZZZZZZZZZZZZZZZZZZZZZK_player_szilviusz (expected team: 6SzilviuszA).
24.05.2026 - 12:54:19 - [TAB v6.0.0] Blocked attempt to add player Mollsw into team NT_team_ZZZZZZZZZZZZZZZZZZZZZZZZZZZZZZZZZZZZZZK_player_mollsw (expected team: 6MollswA).
24.05.2026 - 12:54:19 - [TAB v6.0.0] Blocked attempt to add player Szilviusz into team NT_team_ZZZZZZZZZZZZZZZZZZZZZZZZZZZZZZZZZZZZZZK_player_szilviusz (expected team: 6SzilviuszA).
24.05.2026 - 13:03:01 - [TAB v6.0.0] Blocked attempt to add player Mollsw into team NT_team_ZZZZZZZZZZZZZZZZZZZZZZZZZZZZZZZZZZZZZZK_player_mollsw (expected team: 6MollswA).
24.05.2026 - 13:03:01 - [TAB v6.0.0] Blocked attempt to add player Szilviusz into team NT_team_ZZZZZZZZZZZZZZZZZZZZZZZZZZZZZZZZZZZZZZK_player_szilviusz (expected team: 6SzilviuszA).
24.05.2026 - 13:04:54 - [TAB v6.0.0] Blocked attempt to add player Mollsw into team NT_team_ZZZZZZZZZZZZZZZZZZZZZZZZZZZZZZZZZZZZZZK_player_mollsw (expected team: 6MollswA).
24.05.2026 - 13:04:54 - [TAB v6.0.0] Blocked attempt to add player Szilviusz into team NT_team_ZZZZZZZZZZZZZZZZZZZZZZZZZZZZZZZZZZZZZZK_player_szilviusz (expected team: 6SzilviuszA).
24.05.2026 - 13:06:07 - [TAB v6.0.0] Blocked attempt to add player Mollsw into team NT_team_ZZZZZZZZZZZZZZZZZZZZZZZZZZZZZZZZZZZZZZK_player_mollsw (expected team: 6MollswA).
24.05.2026 - 13:06:07 - [TAB v6.0.0] Blocked attempt to add player Szilviusz into team NT_team_ZZZZZZZZZZZZZZZZZZZZZZZZZZZZZZZZZZZZZZK_player_szilviusz (expected team: 6SzilviuszA).
24.05.2026 - 14:28:17 - [TAB v6.0.0] Blocked attempt to add player Bluetht_TheOne into team NT_team_ZZZZZZZZZZZZZZZZZZZZZZZZZZZZZZZZZZZZZZK_player_bluetht_theone (expected team: 6Bluetht_TheOneA).
24.05.2026 - 15:24:45 - [TAB v6.0.0] Blocked attempt to add player Mollsw into team NT_team_ZZZZZZZZZZZZZZZZZZZZZZZZZZZZZZZZZZZZZZK_player_mollsw (expected team: 6MollswA).
24.05.2026 - 15:46:24 - [TAB v6.0.0] Blocked attempt to add player Zoleee into team NT_team_ZZZZZZZZZZZZZZZZZZZZZZZZZZZZZZZZZZZZZZK_player_zoleee (expected team: 5ZoleeeA).
24.05.2026 - 15:46:24 - [TAB v6.0.0] Blocked attempt to add player Mollsw into team NT_team_ZZZZZZZZZZZZZZZZZZZZZZZZZZZZZZZZZZZZZZK_player_mollsw (expected team: 6MollswA).
24.05.2026 - 15:55:48 - [TAB v6.0.0] Blocked attempt to add player Mollsw into team NT_team_ZZZZZZZZZZZZZZZZZZZZZZZZZZZZZZZZZZZZZZK_player_mollsw (expected team: 6MollswA).
24.05.2026 - 15:56:49 - [TAB v6.0.0] Blocked attempt to add player Zoleee into team NT_team_ZZZZZZZZZZZZZZZZZZZZZZZZZZZZZZZZZZZZZZK_player_zoleee (expected team: 5ZoleeeA).
24.05.2026 - 15:56:49 - [TAB v6.0.0] Blocked attempt to add player Mollsw into team NT_team_ZZZZZZZZZZZZZZZZZZZZZZZZZZZZZZZZZZZZZZK_player_mollsw (expected team: 6MollswA).
24.05.2026 - 16:12:11 - [TAB v6.0.0] Blocked attempt to add player xeixan into team NT_team_ZZZZZZZZZZZZZZZZZZZZZZZZZZZZZZZZZZZZZZK_player_xeixan (expected team: 6xeixanA).
24.05.2026 - 16:12:11 - [TAB v6.0.0] Blocked attempt to add player Zoleee into team NT_team_ZZZZZZZZZZZZZZZZZZZZZZZZZZZZZZZZZZZZZZK_player_zoleee (expected team: 5ZoleeeA).
24.05.2026 - 16:12:11 - [TAB v6.0.0] Blocked attempt to add player Mollsw into team NT_team_ZZZZZZZZZZZZZZZZZZZZZZZZZZZZZZZZZZZZZZK_player_mollsw (expected team: 6MollswA).
24.05.2026 - 16:12:11 - [TAB v6.0.0] Blocked attempt to add player xeixan into team NT_team_ZZZZZZZZZZZZZZZZZZZZZZZZZZZZZZZZZZZZZZK_player_xeixan (expected team: 6xeixanA).
24.05.2026 - 16:14:31 - [TAB v6.0.0] Blocked attempt to add player kolaboy into team NT_team_ZZZZZZZZZZZZZZZZZZZZZZZZZZZZZZZZZZZZZZK_player_kolaboy (expected team: 6kolaboyA).
24.05.2026 - 16:14:32 - [TAB v6.0.0] Blocked attempt to add player Zoleee into team NT_team_ZZZZZZZZZZZZZZZZZZZZZZZZZZZZZZZZZZZZZZK_player_zoleee (expected team: 5ZoleeeA).
24.05.2026 - 16:14:32 - [TAB v6.0.0] Blocked attempt to add player Mollsw into team NT_team_ZZZZZZZZZZZZZZZZZZZZZZZZZZZZZZZZZZZZZZK_player_mollsw (expected team: 6MollswA).
24.05.2026 - 16:14:32 - [TAB v6.0.0] Blocked attempt to add player xeixan into team NT_team_ZZZZZZZZZZZZZZZZZZZZZZZZZZZZZZZZZZZZZZK_player_xeixan (expected team: 6xeixanA).
24.05.2026 - 16:14:32 - [TAB v6.0.0] Blocked attempt to add player kolaboy into team NT_team_ZZZZZZZZZZZZZZZZZZZZZZZZZZZZZZZZZZZZZZK_player_kolaboy (expected team: 6kolaboyA).
24.05.2026 - 17:09:39 - [TAB v6.0.0] Blocked attempt to add player Mollsw into team NT_team_ZZZZZZZZZZZZZZZZZZZZZZZZZZZZZZZZZZZZZZK_player_mollsw (expected team: 6MollswA).
24.05.2026 - 17:09:39 - [TAB v6.0.0] Blocked attempt to add player xeixan into team NT_team_ZZZZZZZZZZZZZZZZZZZZZZZZZZZZZZZZZZZZZZK_player_xeixan (expected team: 6xeixanA).
24.05.2026 - 17:09:39 - [TAB v6.0.0] Blocked attempt to add player kolaboy into team NT_team_ZZZZZZZZZZZZZZZZZZZZZZZZZZZZZZZZZZZZZZK_player_kolaboy (expected team: 6kolaboyA).
24.05.2026 - 17:16:12 - [TAB v6.0.0] Blocked attempt to add player xeixan into team NT_team_ZZZZZZZZZZZZZZZZZZZZZZZZZZZZZZZZZZZZZZK_player_xeixan (expected team: 6xeixanA).
24.05.2026 - 17:16:13 - [TAB v6.0.0] Blocked attempt to add player Mollsw into team NT_team_ZZZZZZZZZZZZZZZZZZZZZZZZZZZZZZZZZZZZZZK_player_mollsw (expected team: 6MollswA).
24.05.2026 - 17:16:13 - [TAB v6.0.0] Blocked attempt to add player xeixan into team NT_team_ZZZZZZZZZZZZZZZZZZZZZZZZZZZZZZZZZZZZZZK_player_xeixan (expected team: 6xeixanA).
24.05.2026 - 17:16:13 - [TAB v6.0.0] Blocked attempt to add player kolaboy into team NT_team_ZZZZZZZZZZZZZZZZZZZZZZZZZZZZZZZZZZZZZZK_player_kolaboy (expected team: 6kolaboyA).
24.05.2026 - 18:32:53 - [TAB v6.0.0] Blocked attempt to add player Mollsw into team NT_team_ZZZZZZZZZZZZZZZZZZZZZZZZZZZZZZZZZZZZZZK_player_mollsw (expected team: 6MollswA).
24.05.2026 - 18:32:53 - [TAB v6.0.0] Blocked attempt to add player xeixan into team NT_team_ZZZZZZZZZZZZZZZZZZZZZZZZZZZZZZZZZZZZZZK_player_xeixan (expected team: 6xeixanA).
24.05.2026 - 23:27:10 - [TAB v6.0.0] Blocked attempt to add player xeixan into team NT_team_ZZZZZZZZZZZZZZZZZZZZZZZZZZZZZZZZZZZZZZK_player_xeixan (expected team: 6xeixanA).
25.05.2026 - 12:37:48 - [TAB v6.0.0] Blocked attempt to add player xeixan into team NT_team_ZZZZZZZZZZZZZZZZZZZZZZZZZZZZZZZZZZZZZZK_player_xeixan (expected team: 6xeixanA).
25.05.2026 - 13:57:45 - [TAB v6.0.0] Blocked attempt to add player kolaboy into team NT_team_ZZZZZZZZZZZZZZZZZZZZZZZZZZZZZZZZZZZZZZK_player_kolaboy (expected team: 6kolaboyA).
25.05.2026 - 14:59:17 - [TAB v6.0.0] Blocked attempt to add player xeixan into team NT_team_ZZZZZZZZZZZZZZZZZZZZZZZZZZZZZZZZZZZZZZK_player_xeixan (expected team: 6xeixanA).
25.05.2026 - 16:49:14 - [TAB v6.0.0] Blocked attempt to add player Zoleee into team NT_team_ZZZZZZZZZZZZZZZZZZZZZZZZZZZZZZZZZZZZZZK_player_zoleee (expected team: 5ZoleeeA).
25.05.2026 - 17:33:56 - [TAB v6.0.0] Blocked attempt to add player kolaboy into team NT_team_ZZZZZZZZZZZZZZZZZZZZZZZZZZZZZZZZZZZZZZK_player_kolaboy (expected team: 6kolaboyA).
25.05.2026 - 20:06:01 - [TAB v6.0.0] Blocked attempt to add player Bluetht_TheOne into team NT_team_ZZZZZZZZZZZZZZZZZZZZZZZZZZZZZZZZZZZZZZK_player_bluetht_theone (expected team: 6Bluetht_TheOneA).
25.05.2026 - 20:12:18 - [TAB v6.0.0] Blocked attempt to add player Szilviusz into team NT_team_ZZZZZZZZZZZZZZZZZZZZZZZZZZZZZZZZZZZZZZK_player_szilviusz (expected team: 6SzilviuszA).
25.05.2026 - 20:12:18 - [TAB v6.0.0] Blocked attempt to add player Bluetht_TheOne into team NT_team_ZZZZZZZZZZZZZZZZZZZZZZZZZZZZZZZZZZZZZZK_player_bluetht_theone (expected team: 6Bluetht_TheOneA).
25.05.2026 - 20:12:18 - [TAB v6.0.0] Blocked attempt to add player Szilviusz into team NT_team_ZZZZZZZZZZZZZZZZZZZZZZZZZZZZZZZZZZZZZZK_player_szilviusz (expected team: 6SzilviuszA).
25.05.2026 - 20:14:58 - [TAB v6.0.0] Blocked attempt to add player kolaboy into team NT_team_ZZZZZZZZZZZZZZZZZZZZZZZZZZZZZZZZZZZZZZK_player_kolaboy (expected team: 6kolaboyA).
25.05.2026 - 20:14:58 - [TAB v6.0.0] Blocked attempt to add player Bluetht_TheOne into team NT_team_ZZZZZZZZZZZZZZZZZZZZZZZZZZZZZZZZZZZZZZK_player_bluetht_theone (expected team: 6Bluetht_TheOneA).
25.05.2026 - 20:14:58 - [TAB v6.0.0] Blocked attempt to add player Szilviusz into team NT_team_ZZZZZZZZZZZZZZZZZZZZZZZZZZZZZZZZZZZZZZK_player_szilviusz (expected team: 6SzilviuszA).
25.05.2026 - 20:14:58 - [TAB v6.0.0] Blocked attempt to add player kolaboy into team NT_team_ZZZZZZZZZZZZZZZZZZZZZZZZZZZZZZZZZZZZZZK_player_kolaboy (expected team: 6kolaboyA).
25.05.2026 - 20:30:27 - [TAB v6.0.0] Blocked attempt to add player Mollsw into team NT_team_ZZZZZZZZZZZZZZZZZZZZZZZZZZZZZZZZZZZZZZK_player_mollsw (expected team: 6MollswA).
25.05.2026 - 20:30:27 - [TAB v6.0.0] Blocked attempt to add player Bluetht_TheOne into team NT_team_ZZZZZZZZZZZZZZZZZZZZZZZZZZZZZZZZZZZZZZK_player_bluetht_theone (expected team: 6Bluetht_TheOneA).
25.05.2026 - 20:30:27 - [TAB v6.0.0] Blocked attempt to add player Szilviusz into team NT_team_ZZZZZZZZZZZZZZZZZZZZZZZZZZZZZZZZZZZZZZK_player_szilviusz (expected team: 6SzilviuszA).
25.05.2026 - 20:30:27 - [TAB v6.0.0] Blocked attempt to add player kolaboy into team NT_team_ZZZZZZZZZZZZZZZZZZZZZZZZZZZZZZZZZZZZZZK_player_kolaboy (expected team: 6kolaboyA).
25.05.2026 - 20:33:52 - [TAB v6.0.0] Blocked attempt to add player xeixan into team NT_team_ZZZZZZZZZZZZZZZZZZZZZZZZZZZZZZZZZZZZZZK_player_xeixan (expected team: 6xeixanA).
25.05.2026 - 20:33:52 - [TAB v6.0.0] Blocked attempt to add player Mollsw into team NT_team_ZZZZZZZZZZZZZZZZZZZZZZZZZZZZZZZZZZZZZZK_player_mollsw (expected team: 6MollswA).
25.05.2026 - 20:33:52 - [TAB v6.0.0] Blocked attempt to add player Bluetht_TheOne into team NT_team_ZZZZZZZZZZZZZZZZZZZZZZZZZZZZZZZZZZZZZZK_player_bluetht_theone (expected team: 6Bluetht_TheOneA).
25.05.2026 - 20:33:52 - [TAB v6.0.0] Blocked attempt to add player Szilviusz into team NT_team_ZZZZZZZZZZZZZZZZZZZZZZZZZZZZZZZZZZZZZZK_player_szilviusz (expected team: 6SzilviuszA).
25.05.2026 - 20:33:52 - [TAB v6.0.0] Blocked attempt to add player xeixan into team NT_team_ZZZZZZZZZZZZZZZZZZZZZZZZZZZZZZZZZZZZZZK_player_xeixan (expected team: 6xeixanA).
25.05.2026 - 20:33:52 - [TAB v6.0.0] Blocked attempt to add player kolaboy into team NT_team_ZZZZZZZZZZZZZZZZZZZZZZZZZZZZZZZZZZZZZZK_player_kolaboy (expected team: 6kolaboyA).
26.05.2026 - 11:06:11 - [TAB v6.0.0] Blocked attempt to add player Szilviusz into team NT_team_ZZZZZZZZZZZZZZZZZZZZZZZZZZZZZZZZZZZZZZK_player_szilviusz (expected team: 6SzilviuszA).
26.05.2026 - 11:53:22 - [TAB v6.0.0] Blocked attempt to add player xeixan into team NT_team_ZZZZZZZZZZZZZZZZZZZZZZZZZZZZZZZZZZZZZZK_player_xeixan (expected team: 6xeixanA).
26.05.2026 - 11:53:22 - [TAB v6.0.0] Blocked attempt to add player Szilviusz into team NT_team_ZZZZZZZZZZZZZZZZZZZZZZZZZZZZZZZZZZZZZZK_player_szilviusz (expected team: 6SzilviuszA).
26.05.2026 - 11:53:22 - [TAB v6.0.0] Blocked attempt to add player xeixan into team NT_team_ZZZZZZZZZZZZZZZZZZZZZZZZZZZZZZZZZZZZZZK_player_xeixan (expected team: 6xeixanA).
27.05.2026 - 16:30:07 - [TAB v6.0.0] Blocked attempt to add player kolaboy into team NT_team_ZZZZZZZZZZZZZZZZZZZZZZZZZZZZZZZZZZZZZZK_player_kolaboy (expected team: 6kolaboyA).
28.05.2026 - 20:09:11 - [TAB v6.0.0] Blocked attempt to add player xeixan into team NT_team_ZZZZZZZZZZZZZZZZZZZZZZZZZZZZZZZZZZZZZZK_player_xeixan (expected team: 6xeixanA).
28.05.2026 - 20:54:12 - [TAB v6.0.0] Blocked attempt to add player kolaboy into team NT_team_ZZZZZZZZZZZZZZZZZZZZZZZZZZZZZZZZZZZZZZK_player_kolaboy (expected team: 6kolaboyA).
28.05.2026 - 20:54:12 - [TAB v6.0.0] Blocked attempt to add player xeixan into team NT_team_ZZZZZZZZZZZZZZZZZZZZZZZZZZZZZZZZZZZZZZK_player_xeixan (expected team: 6xeixanA).
28.05.2026 - 20:54:12 - [TAB v6.0.0] Blocked attempt to add player kolaboy into team NT_team_ZZZZZZZZZZZZZZZZZZZZZZZZZZZZZZZZZZZZZZK_player_kolaboy (expected team: 6kolaboyA).
29.05.2026 - 15:16:54 - [TAB v6.0.0] Blocked attempt to add player xeixan into team NT_team_ZZZZZZZZZZZZZZZZZZZZZZZZZZZZZZZZZZZZZZK_player_xeixan (expected team: 6xeixanA).
30.05.2026 - 15:18:16 - [TAB v6.0.0] Blocked attempt to add player kolaboy into team NT_team_ZZZZZZZZZZZZZZZZZZZZZZZZZZZZZZZZZZZZZZK_player_kolaboy (expected team: 6kolaboyA).
30.05.2026 - 18:11:50 - [TAB v6.0.0] Blocked attempt to add player xeixan into team NT_team_ZZZZZZZZZZZZZZZZZZZZZZZZZZZZZZZZZZZZZZK_player_xeixan (expected team: 6xeixanA).
30.05.2026 - 20:13:32 - [TAB v6.0.0] Blocked attempt to add player xeixan into team NT_team_ZZZZZZZZZZZZZZZZZZZZZZZZZZZZZZZZZZZZZZK_player_xeixan (expected team: 6xeixanA).
30.05.2026 - 21:19:08 - [TAB v6.0.0] Blocked attempt to add player xeixan into team NT_team_ZZZZZZZZZZZZZZZZZZZZZZZZZZZZZZZZZZZZZZK_player_xeixan (expected team: 6xeixanA).
31.05.2026 - 09:35:48 - [TAB v6.0.0] Blocked attempt to add player Zoleee into team NT_team_ZZZZZZZZZZZZZZZZZZZZZZZZZZZZZZZZZZZZZZK_player_zoleee (expected team: 5ZoleeeA).
31.05.2026 - 16:44:32 - [TAB v6.0.0] Blocked attempt to add player xeixan into team NT_team_ZZZZZZZZZZZZZZZZZZZZZZZZZZZZZZZZZZZZZZK_player_xeixan (expected team: 6xeixanA).
01.06.2026 - 15:31:50 - [TAB v6.0.0] Blocked attempt to add player xeixan into team NT_team_ZZZZZZZZZZZZZZZZZZZZZZZZZZZZZZZZZZZZZZK_player_xeixan (expected team: 6xeixanA).
01.06.2026 - 17:42:05 - [TAB v6.0.0] Blocked attempt to add player Zoleee into team NT_team_ZZZZZZZZZZZZZZZZZZZZZZZZZZZZZZZZZZZZZZK_player_zoleee (expected team: 5ZoleeeA).
01.06.2026 - 18:33:56 - [TAB v6.0.0] Blocked attempt to add player xeixan into team NT_team_ZZZZZZZZZZZZZZZZZZZZZZZZZZZZZZZZZZZZZZK_player_xeixan (expected team: 6xeixanA).
01.06.2026 - 18:33:56 - [TAB v6.0.0] Blocked attempt to add player Zoleee into team NT_team_ZZZZZZZZZZZZZZZZZZZZZZZZZZZZZZZZZZZZZZK_player_zoleee (expected team: 5ZoleeeA).
01.06.2026 - 18:33:56 - [TAB v6.0.0] Blocked attempt to add player xeixan into team NT_team_ZZZZZZZZZZZZZZZZZZZZZZZZZZZZZZZZZZZZZZK_player_xeixan (expected team: 6xeixanA).
01.06.2026 - 18:34:29 - [TAB v6.0.0] Blocked attempt to add player Zoleee into team NT_team_ZZZZZZZZZZZZZZZZZZZZZZZZZZZZZZZZZZZZZZK_player_zoleee (expected team: 5ZoleeeA).
01.06.2026 - 18:34:29 - [TAB v6.0.0] Blocked attempt to add player xeixan into team NT_team_ZZZZZZZZZZZZZZZZZZZZZZZZZZZZZZZZZZZZZZK_player_xeixan (expected team: 6xeixanA).
01.06.2026 - 19:01:27 - [TAB v6.0.0] Blocked attempt to add player Bluetht_TheOne into team NT_team_ZZZZZZZZZZZZZZZZZZZZZZZZZZZZZZZZZZZZZZK_player_bluetht_theone (expected team: 6Bluetht_TheOneA).
01.06.2026 - 19:01:27 - [TAB v6.0.0] Blocked attempt to add player Zoleee into team NT_team_ZZZZZZZZZZZZZZZZZZZZZZZZZZZZZZZZZZZZZZK_player_zoleee (expected team: 5ZoleeeA).
01.06.2026 - 19:01:27 - [TAB v6.0.0] Blocked attempt to add player Bluetht_TheOne into team NT_team_ZZZZZZZZZZZZZZZZZZZZZZZZZZZZZZZZZZZZZZK_player_bluetht_theone (expected team: 6Bluetht_TheOneA).
01.06.2026 - 19:01:27 - [TAB v6.0.0] Blocked attempt to add player xeixan into team NT_team_ZZZZZZZZZZZZZZZZZZZZZZZZZZZZZZZZZZZZZZK_player_xeixan (expected team: 6xeixanA).
01.06.2026 - 19:11:48 - [TAB v6.0.0] Blocked attempt to add player xeixan into team NT_team_ZZZZZZZZZZZZZZZZZZZZZZZZZZZZZZZZZZZZZZK_player_xeixan (expected team: 6xeixanA).
02.06.2026 - 14:18:37 - [TAB v6.0.0] Blocked attempt to add player kolaboy into team NT_team_ZZZZZZZZZZZZZZZZZZZZZZZZZZZZZZZZZZZZZZK_player_kolaboy (expected team: 6kolaboyA).
02.06.2026 - 16:48:18 - [TAB v6.0.0] Blocked attempt to add player xeixan into team NT_team_ZZZZZZZZZZZZZZZZZZZZZZZZZZZZZZZZZZZZZZK_player_xeixan (expected team: 6xeixanA).
03.06.2026 - 17:46:22 - [TAB v6.0.0] Blocked attempt to add player Zoleee into team NT_team_ZZZZZZZZZZZZZZZZZZZZZZZZZZZZZZZZZZZZZZK_player_zoleee (expected team: 5ZoleeeA).
03.06.2026 - 19:08:14 - [TAB v6.0.0] Blocked attempt to add player xeixan into team NT_team_ZZZZZZZZZZZZZZZZZZZZZZZZZZZZZZZZZZZZZZK_player_xeixan (expected team: 6xeixanA).
03.06.2026 - 19:08:14 - [TAB v6.0.0] Blocked attempt to add player Zoleee into team NT_team_ZZZZZZZZZZZZZZZZZZZZZZZZZZZZZZZZZZZZZZK_player_zoleee (expected team: 5ZoleeeA).
03.06.2026 - 19:08:14 - [TAB v6.0.0] Blocked attempt to add player xeixan into team NT_team_ZZZZZZZZZZZZZZZZZZZZZZZZZZZZZZZZZZZZZZK_player_xeixan (expected team: 6xeixanA).
04.06.2026 - 14:01:14 - [TAB v6.0.0] Blocked attempt to add player Y8craft into team NT_team_ZZZZZZZZZZZZZZZZZZZZZZZZZZZZZZZZZZZZZZK_player_y8craft (expected team: 6Y8craftA).
04.06.2026 - 14:39:12 - [TAB v6.0.0] Blocked attempt to add player Vitya1221 into team NT_team_ZZZZZZZZZZZZZZZZZZZZZZZZZZZZZZZZZZZZZZK_player_vitya1221 (expected team: 6Vitya1221A).
04.06.2026 - 19:18:39 - [TAB v6.0.0] Blocked attempt to add player xeixan into team NT_team_ZZZZZZZZZZZZZZZZZZZZZZZZZZZZZZZZZZZZZZK_player_xeixan (expected team: 6xeixanA).
05.06.2026 - 14:08:37 - [TAB v6.0.0] Blocked attempt to add player Zoleee into team NT_team_ZZZZZZZZZZZZZZZZZZZZZZZZZZZZZZZZZZZZZZK_player_zoleee (expected team: 5ZoleeeA).
05.06.2026 - 18:36:38 - [TAB v6.0.0] Blocked attempt to add player xeixan into team NT_team_ZZZZZZZZZZZZZZZZZZZZZZZZZZZZZZZZZZZZZZK_player_xeixan (expected team: 6xeixanA).
07.06.2026 - 14:23:01 - [TAB v6.0.0] Blocked attempt to add player kolaboy into team NT_team_ZZZZZZZZZZZZZZZZZZZZZZZZZZZZZZZZZZZZZZK_player_kolaboy (expected team: 6kolaboyA).
07.06.2026 - 21:53:55 - [TAB v6.0.0] Blocked attempt to add player xeixan into team NT_team_ZZZZZZZZZZZZZZZZZZZZZZZZZZZZZZZZZZZZZZK_player_xeixan (expected team: 6xeixanA).
08.06.2026 - 15:10:35 - [TAB v6.0.0] Blocked attempt to add player xeixan into team NT_team_ZZZZZZZZZZZZZZZZZZZZZZZZZZZZZZZZZZZZZZK_player_xeixan (expected team: 6xeixanA).
09.06.2026 - 13:30:56 - [TAB v6.0.0] Blocked attempt to add player kolaboy into team NT_team_ZZZZZZZZZZZZZZZZZZZZZZZZZZZZZZZZZZZZZZK_player_kolaboy (expected team: 6kolaboyA).
09.06.2026 - 17:55:04 - [TAB v6.0.0] Blocked attempt to add player xeixan into team NT_team_ZZZZZZZZZZZZZZZZZZZZZZZZZZZZZZZZZZZZZZK_player_xeixan (expected team: 6xeixanA).
09.06.2026 - 21:19:18 - [TAB v6.0.0] Blocked attempt to add player xeixan into team NT_team_ZZZZZZZZZZZZZZZZZZZZZZZZZZZZZZZZZZZZZZK_player_xeixan (expected team: 6xeixanA).
10.06.2026 - 13:47:46 - [TAB v6.0.0] Blocked attempt to add player xeixan into team NT_team_ZZZZZZZZZZZZZZZZZZZZZZZZZZZZZZZZZZZZZZK_player_xeixan (expected team: 6xeixanA).
10.06.2026 - 17:09:04 - [TAB v6.0.0] Blocked attempt to add player kolaboy into team NT_team_ZZZZZZZZZZZZZZZZZZZZZZZZZZZZZZZZZZZZZZK_player_kolaboy (expected team: 6kolaboyA).
10.06.2026 - 17:09:04 - [TAB v6.0.0] Blocked attempt to add player xeixan into team NT_team_ZZZZZZZZZZZZZZZZZZZZZZZZZZZZZZZZZZZZZZK_player_xeixan (expected team: 6xeixanA).
10.06.2026 - 17:09:04 - [TAB v6.0.0] Blocked attempt to add player kolaboy into team NT_team_ZZZZZZZZZZZZZZZZZZZZZZZZZZZZZZZZZZZZZZK_player_kolaboy (expected team: 6kolaboyA).
10.06.2026 - 19:36:59 - [TAB v6.0.0] Blocked attempt to add player xeixan into team NT_team_ZZZZZZZZZZZZZZZZZZZZZZZZZZZZZZZZZZZZZZK_player_xeixan (expected team: 6xeixanA).
11.06.2026 - 16:42:27 - [TAB v6.0.0] Blocked attempt to add player xeixan into team NT_team_ZZZZZZZZZZZZZZZZZZZZZZZZZZZZZZZZZZZZZZK_player_xeixan (expected team: 6xeixanA).
12.06.2026 - 14:20:58 - [TAB v6.0.0] Blocked attempt to add player xeixan into team NT_team_ZZZZZZZZZZZZZZZZZZZZZZZZZZZZZZZZZZZZZZK_player_xeixan (expected team: 6xeixanA).
12.06.2026 - 22:41:51 - [TAB v6.0.0] Blocked attempt to add player Zoleee into team NT_team_ZZZZZZZZZZZZZZZZZZZZZZZZZZZZZZZZZZZZZZK_player_zoleee (expected team: 5ZoleeeA).
13.06.2026 - 13:19:58 - [TAB v6.0.0] Blocked attempt to add player Zoleee into team NT_team_ZZZZZZZZZZZZZZZZZZZZZZZZZZZZZZZZZZZZZZK_player_zoleee (expected team: 5ZoleeeA).
13.06.2026 - 15:20:30 - [TAB v6.0.0] Blocked attempt to add player xeixan into team NT_team_ZZZZZZZZZZZZZZZZZZZZZZZZZZZZZZZZZZZZZZK_player_xeixan (expected team: 6xeixanA).
14.06.2026 - 10:35:25 - [TAB v6.0.0] Blocked attempt to add player Zoleee into team NT_team_ZZZZZZZZZZZZZZZZZZZZZZZZZZZZZZZZZZZZZZK_player_zoleee (expected team: 5ZoleeeA).
14.06.2026 - 13:16:49 - [TAB v6.0.0] Blocked attempt to add player xeixan into team NT_team_ZZZZZZZZZZZZZZZZZZZZZZZZZZZZZZZZZZZZZZK_player_xeixan (expected team: 6xeixanA).
14.06.2026 - 14:16:12 - [TAB v6.0.0] Blocked attempt to add player kolaboy into team NT_team_ZZZZZZZZZZZZZZZZZZZZZZZZZZZZZZZZZZZZZZK_player_kolaboy (expected team: 6kolaboyA).
14.06.2026 - 21:12:59 - [TAB v6.0.0] Blocked attempt to add player Vitya1221 into team NT_team_ZZZZZZZZZZZZZZZZZZZZZZZZZZZZZZZZZZZZZZK_player_vitya1221 (expected team: 6Vitya1221A).
14.06.2026 - 21:27:18 - [TAB v6.0.0] Blocked attempt to add player kolaboy into team NT_team_ZZZZZZZZZZZZZZZZZZZZZZZZZZZZZZZZZZZZZZK_player_kolaboy (expected team: 6kolaboyA).
14.06.2026 - 21:27:18 - [TAB v6.0.0] Blocked attempt to add player Vitya1221 into team NT_team_ZZZZZZZZZZZZZZZZZZZZZZZZZZZZZZZZZZZZZZK_player_vitya1221 (expected team: 6Vitya1221A).
14.06.2026 - 21:27:18 - [TAB v6.0.0] Blocked attempt to add player kolaboy into team NT_team_ZZZZZZZZZZZZZZZZZZZZZZZZZZZZZZZZZZZZZZK_player_kolaboy (expected team: 6kolaboyA).
15.06.2026 - 22:14:51 - [TAB v6.0.0] Blocked attempt to add player xeixan into team NT_team_ZZZZZZZZZZZZZZZZZZZZZZZZZZZZZZZZZZZZZZK_player_xeixan (expected team: 6xeixanA).
18.06.2026 - 18:27:42 - [TAB v6.0.0] Blocked attempt to add player xeixan into team NT_team_ZZZZZZZZZZZZZZZZZZZZZZZZZZZZZZZZZZZZZZK_player_xeixan (expected team: 6xeixanA).
19.06.2026 - 08:57:30 - [TAB v6.0.0] Blocked attempt to add player redfirecow into team NT_team_ZZZZZZZZZZZZZZZZZZZZZZZZZZZZZZZZZZZZZZK_player_redfirecow (expected team: 6redfirecowA).
19.06.2026 - 17:36:51 - [TAB v6.0.0] Blocked attempt to add player Zoleee into team NT_team_ZZZZZZZZZZZZZZZZZZZZZZZZZZZZZZZZZZZZZZK_player_zoleee (expected team: 5ZoleeeA).
20.06.2026 - 09:50:29 - [TAB v6.0.0] Blocked attempt to add player Zoleee into team NT_team_ZZZZZZZZZZZZZZZZZZZZZZZZZZZZZZZZZZZZZZK_player_zoleee (expected team: 5ZoleeeA).
20.06.2026 - 12:32:11 - [TAB v6.0.0] Blocked attempt to add player Zoleee into team NT_team_ZZZZZZZZZZZZZZZZZZZZZZZZZZZZZZZZZZZZZZK_player_zoleee (expected team: 7ZoleeeA).
20.06.2026 - 14:14:05 - [TAB v6.0.0] Blocked attempt to add player Zoleee into team NT_team_ZZZZZZZZZZZZZZZZZZZZZZZZZZZZZZZZZZZZZZK_player_zoleee (expected team: 6ZoleeeA).
20.06.2026 - 16:14:10 - [TAB v6.0.0] Blocked attempt to add player xeixan into team NT_team_ZZZZZZZZZZZZZZZZZZZZZZZZZZZZZZZZZZZZZZK_player_xeixan (expected team: 6xeixanA).
21.06.2026 - 21:14:57 - [TAB v6.0.0] Blocked attempt to add player xeixan into team NT_team_ZZZZZZZZZZZZZZZZZZZZZZZZZZZZZZZZZZZZZZK_player_xeixan (expected team: 6xeixanA).
22.06.2026 - 21:11:51 - [TAB v6.0.0] Blocked attempt to add player xeixan into team NT_team_ZZZZZZZZZZZZZZZZZZZZZZZZZZZZZZZZZZZZZZK_player_xeixan (expected team: 6xeixanA).
23.06.2026 - 12:13:56 - [TAB v6.0.0] Blocked attempt to add player xeixan into team NT_team_ZZZZZZZZZZZZZZZZZZZZZZZZZZZZZZZZZZZZZZK_player_xeixan (expected team: 6xeixanA).
25.06.2026 - 08:10:12 - [TAB v6.0.0] Blocked attempt to add player NestaaArcheron into team NT_team_ZZZZZZZZZZZZZZZZZZZZZZZZZZZZZZZZZZZZZZK_player_nestaaarcheron (expected team: 6NestaaArcheronA).
26.06.2026 - 07:41:40 - [TAB v6.0.0] Blocked attempt to add player NestaaArcheron into team NT_team_ZZZZZZZZZZZZZZZZZZZZZZZZZZZZZZZZZZZZZZK_player_nestaaarcheron (expected team: 6NestaaArcheronA).
26.06.2026 - 19:35:46 - [TAB v6.0.0] Blocked attempt to add player xeixan into team NT_team_ZZZZZZZZZZZZZZZZZZZZZZZZZZZZZZZZZZZZZZK_player_xeixan (expected team: 6xeixanA).
28.06.2026 - 10:44:19 - [TAB v6.0.0] Blocked attempt to add player Zoleee into team NT_team_ZZZZZZZZZZZZZZZZZZZZZZZZZZZZZZZZZZZZZZK_player_zoleee (expected team: 6ZoleeeA).
28.06.2026 - 16:12:56 - [TAB v6.0.0] Blocked attempt to add player xeixan into team NT_team_ZZZZZZZZZZZZZZZZZZZZZZZZZZZZZZZZZZZZZZK_player_xeixan (expected team: 6xeixanA).
29.06.2026 - 18:14:52 - [TAB v6.0.0] Blocked attempt to add player xeixan into team NT_team_ZZZZZZZZZZZZZZZZZZZZZZZZZZZZZZZZZZZZZZK_player_xeixan (expected team: 6xeixanA).
30.06.2026 - 12:11:12 - [TAB v6.0.0] Blocked attempt to add player kolaboy into team NT_team_ZZZZZZZZZZZZZZZZZZZZZZZZZZZZZZZZZZZZZZK_player_kolaboy (expected team: 6kolaboyA).
30.06.2026 - 18:54:37 - [TAB v6.0.0] Blocked attempt to add player Zoleee into team NT_team_ZZZZZZZZZZZZZZZZZZZZZZZZZZZZZZZZZZZZZZK_player_zoleee (expected team: 6ZoleeeA).
30.06.2026 - 22:04:36 - [TAB v6.0.0] Blocked attempt to add player xeixan into team NT_team_ZZZZZZZZZZZZZZZZZZZZZZZZZZZZZZZZZZZZZZK_player_xeixan (expected team: 6xeixanA).
01.07.2026 - 16:45:20 - [TAB v6.0.0] Blocked attempt to add player xeixan into team NT_team_ZZZZZZZZZZZZZZZZZZZZZZZZZZZZZZZZZZZZZZK_player_xeixan (expected team: 6xeixanA).
02.07.2026 - 16:11:38 - [TAB v6.0.0] Blocked attempt to add player xeixan into team NT_team_ZZZZZZZZZZZZZZZZZZZZZZZZZZZZZZZZZZZZZZK_player_xeixan (expected team: 6xeixanA).
03.07.2026 - 18:26:04 - [TAB v6.0.0] Blocked attempt to add player xeixan into team NT_team_ZZZZZZZZZZZZZZZZZZZZZZZZZZZZZZZZZZZZZZK_player_xeixan (expected team: 6xeixanA).
03.07.2026 - 20:33:19 - [TAB v6.0.0] Blocked attempt to add player Zoleee into team NT_team_ZZZZZZZZZZZZZZZZZZZZZZZZZZZZZZZZZZZZZZK_player_zoleee (expected team: 6ZoleeeA).
03.07.2026 - 20:33:19 - [TAB v6.0.0] Blocked attempt to add player xeixan into team NT_team_ZZZZZZZZZZZZZZZZZZZZZZZZZZZZZZZZZZZZZZK_player_xeixan (expected team: 6xeixanA).
04.07.2026 - 15:30:27 - [TAB v6.0.0] Blocked attempt to add player xeixan into team NT_team_ZZZZZZZZZZZZZZZZZZZZZZZZZZZZZZZZZZZZZZK_player_xeixan (expected team: 6xeixanA).
05.07.2026 - 16:08:02 - [TAB v6.0.0] Blocked attempt to add player xeixan into team NT_team_ZZZZZZZZZZZZZZZZZZZZZZZZZZZZZZZZZZZZZZK_player_xeixan (expected team: 6xeixanA).
06.07.2026 - 20:08:28 - [TAB v6.0.0] Blocked attempt to add player Zoleee into team NT_team_ZZZZZZZZZZZZZZZZZZZZZZZZZZZZZZZZZZZZZZK_player_zoleee (expected team: 6ZoleeeA).
10.07.2026 - 00:30:40 - [TAB v6.0.0] Blocked attempt to add player Taliann into team NT_team_ZZZZZZZZZZZZZZZZZZZZZZZZZZZZZZZZZZZZZZK_player_taliann (expected team: 6TaliannA).
10.07.2026 - 00:35:16 - [TAB v6.0.0] Blocked attempt to add player Taliann into team NT_team_ZZZZZZZZZZZZZZZZZZZZZZZZZZZZZZZZZZZZZZK_player_taliann (expected team: 6TaliannA).
